Archive member included to satisfy reference by file (symbol)

c:/siliconlabs/simplicitystudio/v4/developer/toolchains/gnu_arm/7.2_2017q4/bin/../lib/gcc/arm-none-eabi/7.2.1/thumb/v7e-m/fpv4-sp/softfp\libgcc.a(_aeabi_uldivmod.o)
                              ./BSP/siliconlabs/generic/source/bsp_cpu.o (__aeabi_uldivmod)
c:/siliconlabs/simplicitystudio/v4/developer/toolchains/gnu_arm/7.2_2017q4/bin/../lib/gcc/arm-none-eabi/7.2.1/thumb/v7e-m/fpv4-sp/softfp\libgcc.a(_udivmoddi4.o)
                              c:/siliconlabs/simplicitystudio/v4/developer/toolchains/gnu_arm/7.2_2017q4/bin/../lib/gcc/arm-none-eabi/7.2.1/thumb/v7e-m/fpv4-sp/softfp\libgcc.a(_aeabi_uldivmod.o) (__udivmoddi4)
c:/siliconlabs/simplicitystudio/v4/developer/toolchains/gnu_arm/7.2_2017q4/bin/../lib/gcc/arm-none-eabi/7.2.1/thumb/v7e-m/fpv4-sp/softfp\libgcc.a(_dvmd_tls.o)
                              c:/siliconlabs/simplicitystudio/v4/developer/toolchains/gnu_arm/7.2_2017q4/bin/../lib/gcc/arm-none-eabi/7.2.1/thumb/v7e-m/fpv4-sp/softfp\libgcc.a(_aeabi_uldivmod.o) (__aeabi_ldiv0)
c:/siliconlabs/simplicitystudio/v4/developer/toolchains/gnu_arm/7.2_2017q4/bin/../lib/gcc/arm-none-eabi/7.2.1/../../../../arm-none-eabi/lib/thumb/v7e-m/fpv4-sp/softfp\libc_nano.a(lib_a-exit.o)
                              c:/siliconlabs/simplicitystudio/v4/developer/toolchains/gnu_arm/7.2_2017q4/bin/../lib/gcc/arm-none-eabi/7.2.1/../../../../arm-none-eabi/lib/thumb/v7e-m/fpv4-sp/softfp/crt0.o (exit)
c:/siliconlabs/simplicitystudio/v4/developer/toolchains/gnu_arm/7.2_2017q4/bin/../lib/gcc/arm-none-eabi/7.2.1/../../../../arm-none-eabi/lib/thumb/v7e-m/fpv4-sp/softfp\libc_nano.a(lib_a-impure.o)
                              c:/siliconlabs/simplicitystudio/v4/developer/toolchains/gnu_arm/7.2_2017q4/bin/../lib/gcc/arm-none-eabi/7.2.1/../../../../arm-none-eabi/lib/thumb/v7e-m/fpv4-sp/softfp\libc_nano.a(lib_a-exit.o) (_global_impure_ptr)
c:/siliconlabs/simplicitystudio/v4/developer/toolchains/gnu_arm/7.2_2017q4/bin/../lib/gcc/arm-none-eabi/7.2.1/../../../../arm-none-eabi/lib/thumb/v7e-m/fpv4-sp/softfp\libc_nano.a(lib_a-init.o)
                              c:/siliconlabs/simplicitystudio/v4/developer/toolchains/gnu_arm/7.2_2017q4/bin/../lib/gcc/arm-none-eabi/7.2.1/../../../../arm-none-eabi/lib/thumb/v7e-m/fpv4-sp/softfp/crt0.o (__libc_init_array)
c:/siliconlabs/simplicitystudio/v4/developer/toolchains/gnu_arm/7.2_2017q4/bin/../lib/gcc/arm-none-eabi/7.2.1/../../../../arm-none-eabi/lib/thumb/v7e-m/fpv4-sp/softfp\libc_nano.a(lib_a-memcpy-stub.o)
                              ./SystemView/SEGGER_RTT.o (memcpy)
c:/siliconlabs/simplicitystudio/v4/developer/toolchains/gnu_arm/7.2_2017q4/bin/../lib/gcc/arm-none-eabi/7.2.1/../../../../arm-none-eabi/lib/thumb/v7e-m/fpv4-sp/softfp\libc_nano.a(lib_a-memset.o)
                              c:/siliconlabs/simplicitystudio/v4/developer/toolchains/gnu_arm/7.2_2017q4/bin/../lib/gcc/arm-none-eabi/7.2.1/../../../../arm-none-eabi/lib/thumb/v7e-m/fpv4-sp/softfp/crt0.o (memset)
c:/siliconlabs/simplicitystudio/v4/developer/toolchains/gnu_arm/7.2_2017q4/bin/../lib/gcc/arm-none-eabi/7.2.1/../../../../arm-none-eabi/lib/thumb/v7e-m/fpv4-sp/softfp\libc_nano.a(lib_a-strcpy.o)
                              ./SystemView/SEGGER_RTT.o (strcpy)
c:/siliconlabs/simplicitystudio/v4/developer/toolchains/gnu_arm/7.2_2017q4/bin/../lib/gcc/arm-none-eabi/7.2.1/../../../../arm-none-eabi/lib/thumb/v7e-m/fpv4-sp/softfp\libc_nano.a(lib_a-strlen.o)
                              ./SystemView/SEGGER_RTT.o (strlen)
c:/siliconlabs/simplicitystudio/v4/developer/toolchains/gnu_arm/7.2_2017q4/bin/../lib/gcc/arm-none-eabi/7.2.1/../../../../arm-none-eabi/lib/thumb/v7e-m/fpv4-sp/softfp\libnosys.a(_exit.o)
                              c:/siliconlabs/simplicitystudio/v4/developer/toolchains/gnu_arm/7.2_2017q4/bin/../lib/gcc/arm-none-eabi/7.2.1/../../../../arm-none-eabi/lib/thumb/v7e-m/fpv4-sp/softfp\libc_nano.a(lib_a-exit.o) (_exit)

Allocating common symbols
Common symbol       size              file

OSSchedLockNestingCtr
                    0x1               ./kernel/source/os_var.o
OSStatTaskTimeMax   0x4               ./kernel/source/os_var.o
OSTaskRegNextAvailID
                    0x1               ./kernel/source/os_var.o
OSRunning           0x1               ./kernel/source/os_var.o
OSRdyList           0x300             ./kernel/source/os_var.o
OSInitialized       0x1               ./kernel/source/os_var.o
OSMonQty            0x2               ./kernel/source/os_var.o
OSPrioHighRdy       0x1               ./kernel/source/os_var.o
OSStatTaskRdy       0x1               ./kernel/source/os_var.o
OSSemDbgListPtr     0x4               ./kernel/source/os_var.o
OSCfg_StatTaskStk   0x4               ./kernel/source/os_cfg_app.o
Mem_SegHeadPtr      0x4               ./common/source/lib/lib_mem.o
OSPrioCur           0x1               ./kernel/source/os_var.o
OSTmrTickCtr        0x4               ./kernel/source/os_var.o
OSTCBCurPtr         0x4               ./kernel/source/os_var.o
[...]
Memory Configuration

Name             Origin             Length             Attributes
FLASH            0x00000000         0x00100000         xr
RAM              0x20000000         0x00040000         xrw
*default*        0x00000000         0xffffffff

Linker script and memory map

LOAD c:/siliconlabs/simplicitystudio/v4/developer/toolchains/gnu_arm/7.2_2017q4/bin/../lib/gcc/arm-none-eabi/7.2.1/thumb/v7e-m/fpv4-sp/softfp/crti.o
LOAD c:/siliconlabs/simplicitystudio/v4/developer/toolchains/gnu_arm/7.2_2017q4/bin/../lib/gcc/arm-none-eabi/7.2.1/thumb/v7e-m/fpv4-sp/softfp/crtbegin.o
LOAD c:/siliconlabs/simplicitystudio/v4/developer/toolchains/gnu_arm/7.2_2017q4/bin/../lib/gcc/arm-none-eabi/7.2.1/../../../../arm-none-eabi/lib/thumb/v7e-m/fpv4-sp/softfp/crt0.o
LOAD ./BSP/bsp_bcc.o
LOAD ./BSP/bsp_stk.o
LOAD ./BSP/bsp_stk_leds.o
LOAD ./BSP/bsp_trace.o
LOAD ./BSP/siliconlabs/generic/source/bsp_cpu.o
LOAD ./BSP/siliconlabs/generic/source/bsp_os.o
LOAD ./CMSIS/EFM32PG12B/startup_efm32pg12b.o
LOAD ./CMSIS/EFM32PG12B/system_efm32pg12b.o
LOAD ./SystemView/SEGGER_RTT.o
LOAD ./SystemView/SEGGER_RTT_ASM_ARMv7M.o
LOAD ./SystemView/SEGGER_SYSVIEW.o
LOAD ./SystemView/SEGGER_SYSVIEW_Config_MicriumOSKernel.o
LOAD ./SystemView/SEGGER_SYSVIEW_MicriumOSKernel.o
LOAD ./common/sl_slist.o
LOAD ./common/source/auth/auth.o
LOAD ./common/source/collections/bitmap.o
LOAD ./common/source/collections/map.o
LOAD ./common/source/collections/slist.o
LOAD ./common/source/common/common.o
LOAD ./common/source/kal/kal_kernel.o
LOAD ./common/source/lib/lib_ascii.o
LOAD ./common/source/lib/lib_math.o
LOAD ./common/source/lib/lib_mem.o
LOAD ./common/source/lib/lib_str.o
LOAD ./common/source/platform_mgr/platform_mgr.o
LOAD ./common/source/rtos/rtos_err_str.o
LOAD ./cpu/source/cpu_core.o
LOAD ./emlib/em_assert.o
LOAD ./emlib/em_cmu.o
LOAD ./emlib/em_core.o
LOAD ./emlib/em_emu.o
LOAD ./emlib/em_gpio.o
LOAD ./emlib/em_rtcc.o
LOAD ./emlib/em_system.o
LOAD ./emlib/em_usart.o
LOAD ./kernel/source/os_cfg_app.o
LOAD ./kernel/source/os_core.o
LOAD ./kernel/source/os_dbg.o
LOAD ./kernel/source/os_flag.o
LOAD ./kernel/source/os_mem.o
LOAD ./kernel/source/os_mon.o
LOAD ./kernel/source/os_msg.o
LOAD ./kernel/source/os_mutex.o
LOAD ./kernel/source/os_prio.o
LOAD ./kernel/source/os_q.o
LOAD ./kernel/source/os_sem.o
LOAD ./kernel/source/os_stat.o
LOAD ./kernel/source/os_task.o
LOAD ./kernel/source/os_time.o
LOAD ./kernel/source/os_tmr.o
LOAD ./kernel/source/os_var.o
LOAD ./ports/source/gnu/armv7m_cpu_a.o
LOAD ./ports/source/gnu/armv7m_os_cpu_a.o
LOAD ./ports/source/gnu/armv7m_os_cpu_c.o
LOAD ./service/sl_sleeptimer.o
LOAD ./service/sl_sleeptimer_hal_rtcc.o
LOAD ./src/ex_main.o
START GROUP
LOAD c:/siliconlabs/simplicitystudio/v4/developer/toolchains/gnu_arm/7.2_2017q4/bin/../lib/gcc/arm-none-eabi/7.2.1/thumb/v7e-m/fpv4-sp/softfp\libgcc.a
LOAD c:/siliconlabs/simplicitystudio/v4/developer/toolchains/gnu_arm/7.2_2017q4/bin/../lib/gcc/arm-none-eabi/7.2.1/../../../../arm-none-eabi/lib/thumb/v7e-m/fpv4-sp/softfp\libc_nano.a
LOAD c:/siliconlabs/simplicitystudio/v4/developer/toolchains/gnu_arm/7.2_2017q4/bin/../lib/gcc/arm-none-eabi/7.2.1/../../../../arm-none-eabi/lib/thumb/v7e-m/fpv4-sp/softfp\libnosys.a
END GROUP
START GROUP
LOAD c:/siliconlabs/simplicitystudio/v4/developer/toolchains/gnu_arm/7.2_2017q4/bin/../lib/gcc/arm-none-eabi/7.2.1/thumb/v7e-m/fpv4-sp/softfp\libgcc.a
LOAD c:/siliconlabs/simplicitystudio/v4/developer/toolchains/gnu_arm/7.2_2017q4/bin/../lib/gcc/arm-none-eabi/7.2.1/../../../../arm-none-eabi/lib/thumb/v7e-m/fpv4-sp/softfp\libg_nano.a
LOAD c:/siliconlabs/simplicitystudio/v4/developer/toolchains/gnu_arm/7.2_2017q4/bin/../lib/gcc/arm-none-eabi/7.2.1/../../../../arm-none-eabi/lib/thumb/v7e-m/fpv4-sp/softfp\libc_nano.a
END GROUP
START GROUP
LOAD c:/siliconlabs/simplicitystudio/v4/developer/toolchains/gnu_arm/7.2_2017q4/bin/../lib/gcc/arm-none-eabi/7.2.1/thumb/v7e-m/fpv4-sp/softfp\libgcc.a
LOAD c:/siliconlabs/simplicitystudio/v4/developer/toolchains/gnu_arm/7.2_2017q4/bin/../lib/gcc/arm-none-eabi/7.2.1/../../../../arm-none-eabi/lib/thumb/v7e-m/fpv4-sp/softfp\libc_nano.a
END GROUP
LOAD c:/siliconlabs/simplicitystudio/v4/developer/toolchains/gnu_arm/7.2_2017q4/bin/../lib/gcc/arm-none-eabi/7.2.1/thumb/v7e-m/fpv4-sp/softfp/crtend.o
LOAD c:/siliconlabs/simplicitystudio/v4/developer/toolchains/gnu_arm/7.2_2017q4/bin/../lib/gcc/arm-none-eabi/7.2.1/thumb/v7e-m/fpv4-sp/softfp/crtn.o

.text           0x00000000     0xdcac
 *(.vectors)
 .vectors       0x00000000      0x10c ./CMSIS/EFM32PG12B/startup_efm32pg12b.o
                0x00000000                __Vectors
                0x0000010c                __Vectors_End = .
                0x0000010c                __Vectors_Size = (__Vectors_End - __Vectors)
                0x0000010c                __end__ = .
 *(.text*)
 .text          0x0000010c       0x40 c:/siliconlabs/simplicitystudio/v4/developer/toolchains/gnu_arm/7.2_2017q4/bin/../lib/gcc/arm-none-eabi/7.2.1/thumb/v7e-m/fpv4-sp/softfp/crtbegin.o
 .text          0x0000014c       0x74 c:/siliconlabs/simplicitystudio/v4/developer/toolchains/gnu_arm/7.2_2017q4/bin/../lib/gcc/arm-none-eabi/7.2.1/../../../../arm-none-eabi/lib/thumb/v7e-m/fpv4-sp/softfp/crt0.o
                0x0000014c                _start
                0x0000014c                _mainCRTStartup
 .text.GPIO_PinOutToggle
                0x000001c0       0xcc ./BSP/bsp_stk_leds.o
 .text.BSP_LedsInit
                0x0000028c       0x58 ./BSP/bsp_stk_leds.o
                0x0000028c                BSP_LedsInit
 .text.BSP_LedToggle
                0x000002e4       0x40 ./BSP/bsp_stk_leds.o
                0x000002e4                BSP_LedToggle
 .text.CPU_TS_TmrInit
                0x00000324       0x44 ./BSP/siliconlabs/generic/source/bsp_cpu.o
                0x00000324                CPU_TS_TmrInit
 .text.CPU_TS_TmrRd
                0x00000368       0x20 ./BSP/siliconlabs/generic/source/bsp_cpu.o
                0x00000368                CPU_TS_TmrRd
 .text.CPU_TS32_to_uSec
                0x00000388       0x54 ./BSP/siliconlabs/generic/source/bsp_cpu.o
                0x00000388                CPU_TS32_to_uSec
 .text.SYSTEM_GetProdRev
                0x000003dc       0x1c ./BSP/siliconlabs/generic/source/bsp_os.o
 .text.CHIP_Init
                0x000003f8       0x74 ./BSP/siliconlabs/generic/source/bsp_os.o
 .text.BSP_SystemInit
                0x0000046c       0x5c ./BSP/siliconlabs/generic/source/bsp_os.o
                0x0000046c                BSP_SystemInit
 .text.BSP_OS_Init
                0x000004c8        0xe ./BSP/siliconlabs/generic/source/bsp_os.o
                0x000004c8                BSP_OS_Init
 *fill*         0x000004d6        0x2 
 .text          0x000004d8       0x30 ./CMSIS/EFM32PG12B/startup_efm32pg12b.o
                0x000004d8                Reset_Handler
                0x00000504                USART0_TX_IRQHandler
                0x00000504                I2C0_IRQHandler
                0x00000504                HardFault_Handler
                0x00000504                SysTick_Handler
                0x00000504                USART1_RX_IRQHandler
                0x00000504                NMI_Handler
                0x00000504                I2C1_IRQHandler
                0x00000504                WTIMER0_IRQHandler
                0x00000504                CRYPTO0_IRQHandler
                0x00000504                WDOG0_IRQHandler
                0x00000504                USART1_TX_IRQHandler
                0x00000504                SMU_IRQHandler
                0x00000504                MSC_IRQHandler
                0x00000504                ADC0_IRQHandler
                0x00000504                UsageFault_Handler
                0x00000504                WDOG1_IRQHandler
                0x00000504                LEUART0_IRQHandler
                0x00000504                FPUEH_IRQHandler
                0x00000504                WTIMER1_IRQHandler
                0x00000504                GPIO_EVEN_IRQHandler
                0x00000504                VDAC0_IRQHandler
                0x00000504                LDMA_IRQHandler
                0x00000504                CSEN_IRQHandler
                0x00000504                CRYPTO1_IRQHandler
                0x00000504                TIMER0_IRQHandler
                0x00000504                DebugMon_Handler
                0x00000504                PCNT2_IRQHandler
                0x00000504                LETIMER0_IRQHandler
                0x00000504                TIMER1_IRQHandler
                0x00000504                TRNG0_IRQHandler
                0x00000504                USART2_RX_IRQHandler
                0x00000504                Default_Handler
                0x00000504                EMU_IRQHandler
                0x00000504                CRYOTIMER_IRQHandler
                0x00000504                PCNT0_IRQHandler
                0x00000504                sl_app_properties
                0x00000504                PCNT1_IRQHandler
                0x00000504                ACMP0_IRQHandler
                0x00000504                USART0_RX_IRQHandler
                0x00000504                MemManage_Handler
                0x00000504                SVC_Handler
                0x00000504                USART3_RX_IRQHandler
                0x00000504                CMU_IRQHandler
                0x00000504                LESENSE_IRQHandler
                0x00000504                GPIO_ODD_IRQHandler
                0x00000504                USART3_TX_IRQHandler
                0x00000504                BusFault_Handler
                0x00000504                USART2_TX_IRQHandler
                0x00000504                IDAC0_IRQHandler
 .text.SystemCoreClockGet
                0x00000508       0x40 ./CMSIS/EFM32PG12B/system_efm32pg12b.o
                0x00000508                SystemCoreClockGet
 .text.SystemMaxCoreClockGet
                0x00000548       0x14 ./CMSIS/EFM32PG12B/system_efm32pg12b.o
                0x00000548                SystemMaxCoreClockGet
 .text.SystemHFClockGet
                0x0000055c       0x88 ./CMSIS/EFM32PG12B/system_efm32pg12b.o
                0x0000055c                SystemHFClockGet
 .text.SystemHFXOClockGet
                0x000005e4       0x18 ./CMSIS/EFM32PG12B/system_efm32pg12b.o
                0x000005e4                SystemHFXOClockGet
 .text.SystemInit
                0x000005fc       0x2c ./CMSIS/EFM32PG12B/system_efm32pg12b.o
                0x000005fc                SystemInit
 .text.SystemLFRCOClockGet
                0x00000628       0x12 ./CMSIS/EFM32PG12B/system_efm32pg12b.o
                0x00000628                SystemLFRCOClockGet
 .text.SystemULFRCOClockGet
                0x0000063a       0x12 ./CMSIS/EFM32PG12B/system_efm32pg12b.o
                0x0000063a                SystemULFRCOClockGet
 .text.SystemLFXOClockGet
                0x0000064c       0x18 ./CMSIS/EFM32PG12B/system_efm32pg12b.o
                0x0000064c                SystemLFXOClockGet
 .text._DoInit  0x00000664       0x9c ./SystemView/SEGGER_RTT.o
 .text.SEGGER_RTT_ReadNoLock
                0x00000700      0x104 ./SystemView/SEGGER_RTT.o
                0x00000700                SEGGER_RTT_ReadNoLock
 .text.SEGGER_RTT_ConfigUpBuffer
                0x00000804       0xcc ./SystemView/SEGGER_RTT.o
                0x00000804                SEGGER_RTT_ConfigUpBuffer
 .text.SEGGER_RTT_ConfigDownBuffer
                0x000008d0       0xcc ./SystemView/SEGGER_RTT.o
                0x000008d0                SEGGER_RTT_ConfigDownBuffer
 .text          0x0000099c       0x8c ./SystemView/SEGGER_RTT_ASM_ARMv7M.o
                0x0000099c                SEGGER_RTT_ASM_WriteSkipNoLock
 .text._EncodeStr
                0x00000a28       0x9a ./SystemView/SEGGER_SYSVIEW.o
 .text._PreparePacket
                0x00000ac2       0x18 ./SystemView/SEGGER_SYSVIEW.o
 .text._HandleIncomingPacket
                0x00000ada       0xb8 ./SystemView/SEGGER_SYSVIEW.o
 *fill*         0x00000b92        0x2 
 .text._TrySendOverflowPacket
                0x00000b94       0xec ./SystemView/SEGGER_SYSVIEW.o
 .text._SendPacket
                0x00000c80      0x1b0 ./SystemView/SEGGER_SYSVIEW.o
 .text.SEGGER_SYSVIEW_Init
                0x00000e30       0x7c ./SystemView/SEGGER_SYSVIEW.o
                0x00000e30                SEGGER_SYSVIEW_Init
 .text.SEGGER_SYSVIEW_SetRAMBase
                0x00000eac       0x20 ./SystemView/SEGGER_SYSVIEW.o
                0x00000eac                SEGGER_SYSVIEW_SetRAMBase
 .text.SEGGER_SYSVIEW_RecordVoid
                0x00000ecc       0x34 ./SystemView/SEGGER_SYSVIEW.o
                0x00000ecc                SEGGER_SYSVIEW_RecordVoid
 .text.SEGGER_SYSVIEW_RecordU32
                0x00000f00       0x70 ./SystemView/SEGGER_SYSVIEW.o
                0x00000f00                SEGGER_SYSVIEW_RecordU32
 .text.SEGGER_SYSVIEW_RecordU32x2
                0x00000f70       0xac ./SystemView/SEGGER_SYSVIEW.o
                0x00000f70                SEGGER_SYSVIEW_RecordU32x2
 .text.SEGGER_SYSVIEW_Start
                0x0000101c      0x168 ./SystemView/SEGGER_SYSVIEW.o
                0x0000101c                SEGGER_SYSVIEW_Start
 .text.SEGGER_SYSVIEW_Stop
                0x00001184       0x44 ./SystemView/SEGGER_SYSVIEW.o
                0x00001184                SEGGER_SYSVIEW_Stop
 .text.SEGGER_SYSVIEW_GetSysDesc
                0x000011c8      0x12c ./SystemView/SEGGER_SYSVIEW.o
                0x000011c8                SEGGER_SYSVIEW_GetSysDesc
 .text.SEGGER_SYSVIEW_SendTaskInfo
                0x000012f4      0x1c4 ./SystemView/SEGGER_SYSVIEW.o
                0x000012f4                SEGGER_SYSVIEW_SendTaskInfo
 .text.SEGGER_SYSVIEW_SendTaskList
                0x000014b8       0x28 ./SystemView/SEGGER_SYSVIEW.o
                0x000014b8                SEGGER_SYSVIEW_SendTaskList
 .text.SEGGER_SYSVIEW_SendSysDesc
                0x000014e0       0x40 ./SystemView/SEGGER_SYSVIEW.o
                0x000014e0                SEGGER_SYSVIEW_SendSysDesc
 .text.SEGGER_SYSVIEW_RecordSystime
                0x00001520       0x60 ./SystemView/SEGGER_SYSVIEW.o
                0x00001520                SEGGER_SYSVIEW_RecordSystime
 .text.SEGGER_SYSVIEW_OnIdle
                0x00001580       0x30 ./SystemView/SEGGER_SYSVIEW.o
                0x00001580                SEGGER_SYSVIEW_OnIdle
 .text.SEGGER_SYSVIEW_OnTaskCreate
                0x000015b0       0x80 ./SystemView/SEGGER_SYSVIEW.o
                0x000015b0                SEGGER_SYSVIEW_OnTaskCreate
 .text.SEGGER_SYSVIEW_OnTaskStartExec
                0x00001630       0x80 ./SystemView/SEGGER_SYSVIEW.o
                0x00001630                SEGGER_SYSVIEW_OnTaskStartExec
 .text.SEGGER_SYSVIEW_OnTaskStartReady
                0x000016b0       0x80 ./SystemView/SEGGER_SYSVIEW.o
                0x000016b0                SEGGER_SYSVIEW_OnTaskStartReady
 .text.SEGGER_SYSVIEW_OnTaskStopReady
                0x00001730       0xb8 ./SystemView/SEGGER_SYSVIEW.o
                0x00001730                SEGGER_SYSVIEW_OnTaskStopReady
 .text.SEGGER_SYSVIEW_NameResource
                0x000017e8       0x88 ./SystemView/SEGGER_SYSVIEW.o
                0x000017e8                SEGGER_SYSVIEW_NameResource
 .text.SEGGER_SYSVIEW_ShrinkId
                0x00001870       0x24 ./SystemView/SEGGER_SYSVIEW.o
                0x00001870                SEGGER_SYSVIEW_ShrinkId
 .text.SEGGER_SYSVIEW_SendModule
                0x00001894       0xf8 ./SystemView/SEGGER_SYSVIEW.o
                0x00001894                SEGGER_SYSVIEW_SendModule
 .text.SEGGER_SYSVIEW_SendModuleDescription
                0x0000198c       0x3c ./SystemView/SEGGER_SYSVIEW.o
                0x0000198c                SEGGER_SYSVIEW_SendModuleDescription
 .text.SEGGER_SYSVIEW_SendNumModules
                0x000019c8       0x74 ./SystemView/SEGGER_SYSVIEW.o
                0x000019c8                SEGGER_SYSVIEW_SendNumModules
 .text.SEGGER_SYSVIEW_Warn
                0x00001a3c       0xb0 ./SystemView/SEGGER_SYSVIEW.o
                0x00001a3c                SEGGER_SYSVIEW_Warn
 .text._cbSendSystemDesc
                0x00001aec       0x20 ./SystemView/SEGGER_SYSVIEW_Config_MicriumOSKernel.o
 .text.SEGGER_SYSVIEW_Conf
                0x00001b0c       0x38 ./SystemView/SEGGER_SYSVIEW_Config_MicriumOSKernel.o
                0x00001b0c                SEGGER_SYSVIEW_Conf
 .text._cbSendTaskList
                0x00001b44       0x94 ./SystemView/SEGGER_SYSVIEW_MicriumOSKernel.o
 .text._cbGetTime
                0x00001bd8       0x24 ./SystemView/SEGGER_SYSVIEW_MicriumOSKernel.o
 .text.SYSVIEW_TaskReady
                0x00001bfc       0x20 ./SystemView/SEGGER_SYSVIEW_MicriumOSKernel.o
                0x00001bfc                SYSVIEW_TaskReady
 .text.SYSVIEW_TaskSwitchedIn
                0x00001c1c       0x20 ./SystemView/SEGGER_SYSVIEW_MicriumOSKernel.o
                0x00001c1c                SYSVIEW_TaskSwitchedIn
 .text.SYSVIEW_TaskSuspend
                0x00001c3c       0x22 ./SystemView/SEGGER_SYSVIEW_MicriumOSKernel.o
                0x00001c3c                SYSVIEW_TaskSuspend
 *fill*         0x00001c5e        0x2 
 .text.SYSVIEW_AddTask
                0x00001c60       0xc4 ./SystemView/SEGGER_SYSVIEW_MicriumOSKernel.o
                0x00001c60                SYSVIEW_AddTask
 .text.SYSVIEW_SendTaskInfo
                0x00001d24       0x42 ./SystemView/SEGGER_SYSVIEW_MicriumOSKernel.o
                0x00001d24                SYSVIEW_SendTaskInfo
 *fill*         0x00001d66        0x2 
 .text.SYSVIEW_RecordU32Register
                0x00001d68       0x90 ./SystemView/SEGGER_SYSVIEW_MicriumOSKernel.o
                0x00001d68                SYSVIEW_RecordU32Register
 .text.SYSVIEW_SendResourceList
                0x00001df8       0x80 ./SystemView/SEGGER_SYSVIEW_MicriumOSKernel.o
                0x00001df8                SYSVIEW_SendResourceList
 .text.SList_Init
                0x00001e78       0x1a ./common/source/collections/slist.o
                0x00001e78                SList_Init
 *fill*         0x00001e92        0x2 
 .text.Common_Init
                0x00001e94       0x70 ./common/source/common/common.o
                0x00001e94                Common_Init
 .text.Common_MemSegPtrGet
                0x00001f04       0x18 ./common/source/common/common.o
                0x00001f04                Common_MemSegPtrGet
 .text.KAL_FeatureQuery
                0x00001f1c       0xf4 ./common/source/kal/kal_kernel.o
                0x00001f1c                KAL_FeatureQuery
 .text.KAL_LockCreate
                0x00002010       0xbc ./common/source/kal/kal_kernel.o
                0x00002010                KAL_LockCreate
 .text.KAL_Init
                0x000020cc      0x1c0 ./common/source/kal/kal_kernel.o
 .text.Math_RandSetSeed
                0x0000228c       0x28 ./common/source/lib/lib_math.o
                0x0000228c                Math_RandSetSeed
 .text.Math_Init
                0x000022b4        0xe ./common/source/lib/lib_math.o
                0x000022b4                Math_Init
 *fill*         0x000022c2        0x2 
 .text.Mem_Init
                0x000022c4       0x28 ./common/source/lib/lib_mem.o
                0x000022c4                Mem_Init
 .text.Mem_SegReg
                0x000022ec       0xf4 ./common/source/lib/lib_mem.o
                0x000022ec                Mem_SegReg
 .text.Mem_SegAlloc
                0x000023e0       0x50 ./common/source/lib/lib_mem.o
                0x000023e0                Mem_SegAlloc
 .text.Mem_DynPoolCreate
                0x00002430       0xa4 ./common/source/lib/lib_mem.o
                0x00002430                Mem_DynPoolCreate
 .text.Mem_DynPoolBlkGet
                0x000024d4      0x1ec ./common/source/lib/lib_mem.o
                0x000024d4                Mem_DynPoolBlkGet
 .text.Mem_DynPoolBlkFree
                0x000026c0      0x140 ./common/source/lib/lib_mem.o
                0x000026c0                Mem_DynPoolBlkFree
 .text.Mem_SegAllocInternal
                0x00002800      0x108 ./common/source/lib/lib_mem.o
 .text.Mem_SegAllocExtCritical
                0x00002908      0x120 ./common/source/lib/lib_mem.o
 .text.Mem_DynPoolCreateInternal
                0x00002a28      0x350 ./common/source/lib/lib_mem.o
 .text.PlatformMgrInit
                0x00002d78      0x148 ./common/source/platform_mgr/platform_mgr.o
                0x00002d78                PlatformMgrInit
 .text.CPU_Init
                0x00002ec0        0xc ./cpu/source/cpu_core.o
                0x00002ec0                CPU_Init
 .text.CPU_SW_Exception
                0x00002ecc        0x6 ./cpu/source/cpu_core.o
                0x00002ecc                CPU_SW_Exception
 .text.CPU_TS_Get32
                0x00002ed2       0x16 ./cpu/source/cpu_core.o
                0x00002ed2                CPU_TS_Get32
 .text.CPU_TS_TmrFreqGet
                0x00002ee8       0x88 ./cpu/source/cpu_core.o
                0x00002ee8                CPU_TS_TmrFreqGet
 .text.CPU_TS_TmrFreqSet
                0x00002f70       0x20 ./cpu/source/cpu_core.o
                0x00002f70                CPU_TS_TmrFreqSet
 .text.CPU_TS_Init
                0x00002f90       0x18 ./cpu/source/cpu_core.o
 .text.assertEFM
                0x00002fa8        0xc ./emlib/em_assert.o
                0x00002fa8                assertEFM
 .text.BUS_RegBitWrite
                0x00002fb4       0x2e ./emlib/em_cmu.o
 .text.BUS_RegBitRead
                0x00002fe2       0x2a ./emlib/em_cmu.o
 .text.SL_Log2ToDiv
                0x0000300c       0x2c ./emlib/em_cmu.o
 .text.EMU_LDOStatusGet
                0x00003038       0x24 ./emlib/em_cmu.o
 .text.EMU_VScaleWait
                0x0000305c       0x30 ./emlib/em_cmu.o
 .text.EMU_VScaleGet
                0x0000308c       0x1c ./emlib/em_cmu.o
 .text.setHfLeConfig
                0x000030a8       0x64 ./emlib/em_cmu.o
 .text.auxClkGet
                0x0000310c       0x20 ./emlib/em_cmu.o
 .text.hfSrcClkGet
                0x0000312c       0x2c ./emlib/em_cmu.o
 .text.dbgClkGet
                0x00003158       0x4c ./emlib/em_cmu.o
 .text.adcAsyncClkGet
                0x000031a4       0x98 ./emlib/em_cmu.o
 .text.flashWaitStateControl
                0x0000323c       0x98 ./emlib/em_cmu.o
 .text.flashWaitStateMax
                0x000032d4       0x44 ./emlib/em_cmu.o
 .text.CMU_UpdateWaitStates
                0x00003318       0x40 ./emlib/em_cmu.o
                0x00003318                CMU_UpdateWaitStates
 .text.getRegIshUpperVal
                0x00003358       0x36 ./emlib/em_cmu.o
 *fill*         0x0000338e        0x2 
 .text.getHfxoTuningMode
                0x00003390       0x1c ./emlib/em_cmu.o
 .text.setHfxoTuningMode
                0x000033ac       0x2c ./emlib/em_cmu.o
 .text.lfClkGet
                0x000033d8      0x114 ./emlib/em_cmu.o
 .text.syncReg  0x000034ec       0x38 ./emlib/em_cmu.o
 .text.hfperClkSafePrescaler
                0x00003524        0xe ./emlib/em_cmu.o
 .text.hfperClkOptimizedPrescaler
                0x00003532        0xe ./emlib/em_cmu.o
 .text.CMU_ClockEnable
                0x00003540       0xd8 ./emlib/em_cmu.o
                0x00003540                CMU_ClockEnable
 .text.CMU_ClockFreqGet
                0x00003618      0x218 ./emlib/em_cmu.o
                0x00003618                CMU_ClockFreqGet
 .text.CMU_ClockSelectGet
                0x00003830      0x1c8 ./emlib/em_cmu.o
                0x00003830                CMU_ClockSelectGet
 .text.CMU_ClockSelectSet
                0x000039f8      0x350 ./emlib/em_cmu.o
                0x000039f8                CMU_ClockSelectSet
 .text.CMU_HFRCOBandGet
                0x00003d48       0x18 ./emlib/em_cmu.o
                0x00003d48                CMU_HFRCOBandGet
 .text.CMU_OscillatorEnable
                0x00003d60      0x1bc ./emlib/em_cmu.o
                0x00003d60                CMU_OscillatorEnable
 .text.CMU_OscillatorTuningGet
                0x00003f1c       0x7c ./emlib/em_cmu.o
                0x00003f1c                CMU_OscillatorTuningGet
 .text.CMU_OscillatorTuningSet
                0x00003f98      0x154 ./emlib/em_cmu.o
                0x00003f98                CMU_OscillatorTuningSet
 .text.CMU_OscillatorTuningWait
                0x000040ec       0xb4 ./emlib/em_cmu.o
                0x000040ec                CMU_OscillatorTuningWait
 .text.CMU_OscillatorTuningOptimize
                0x000041a0       0x64 ./emlib/em_cmu.o
                0x000041a0                CMU_OscillatorTuningOptimize
 .text.CORE_EnterCritical
                0x00004204       0x20 ./emlib/em_core.o
                0x00004204                CORE_EnterCritical
 .text.CORE_ExitCritical
                0x00004224       0x1c ./emlib/em_core.o
                0x00004224                CORE_ExitCritical
 .text.CORE_EnterAtomic
                0x00004240       0x20 ./emlib/em_core.o
                0x00004240                CORE_EnterAtomic
 .text.CORE_ExitAtomic
                0x00004260       0x1c ./emlib/em_core.o
                0x00004260                CORE_ExitAtomic
 .text.CORE_InIrqContext
                0x0000427c       0x24 ./emlib/em_core.o
                0x0000427c                CORE_InIrqContext
 .text.BUS_RegBitWrite
                0x000042a0       0x2e ./emlib/em_emu.o
 .text.BUS_RegBitRead
                0x000042ce       0x2a ./emlib/em_emu.o
 .text.EMU_LDOStatusGet
                0x000042f8       0x24 ./emlib/em_emu.o
 .text.EMU_VScaleWait
                0x0000431c       0x30 ./emlib/em_emu.o
 .text.EMU_VScaleGet
                0x0000434c       0x1c ./emlib/em_emu.o
 .text.EMU_IntClear
                0x00004368       0x20 ./emlib/em_emu.o
 .text.EMU_IntGet
                0x00004388       0x18 ./emlib/em_emu.o
 .text.EMU_PowerLock
                0x000043a0       0x18 ./emlib/em_emu.o
 .text.EMU_PowerUnlock
                0x000043b8       0x1c ./emlib/em_emu.o
 .text.vScaleEM01Cmd
                0x000043d4       0x22 ./emlib/em_emu.o
 *fill*         0x000043f6        0x2 
 .text.EMU_VScaleEM01ByClock
                0x000043f8       0x84 ./emlib/em_emu.o
                0x000043f8                EMU_VScaleEM01ByClock
 .text.EMU_VScaleEM01
                0x0000447c       0xb4 ./emlib/em_emu.o
                0x0000447c                EMU_VScaleEM01
 .text.dcdcConstCalibrationLoad
                0x00004530       0x10 ./emlib/em_emu.o
 .text.dcdcValidatedConfigSet
                0x00004540       0x40 ./emlib/em_emu.o
 .text.currentLimitersUpdate
                0x00004580      0x124 ./emlib/em_emu.o
 .text.userCurrentLimitsSet
                0x000046a4       0x30 ./emlib/em_emu.o
 .text.compCtrlSet
                0x000046d4       0x4c ./emlib/em_emu.o
 .text.lpCmpHystCalibrationLoad
                0x00004720       0xec ./emlib/em_emu.o
 .text.lpGetDevinfoVrefLowHigh
                0x0000480c      0x164 ./emlib/em_emu.o
 .text.EMU_DCDCModeSet
                0x00004970      0x10c ./emlib/em_emu.o
                0x00004970                EMU_DCDCModeSet
 .text.EMU_DCDCInit
                0x00004a7c      0x1c8 ./emlib/em_emu.o
                0x00004a7c                EMU_DCDCInit
 .text.EMU_DCDCOutputVoltageSet
                0x00004c44      0x2d8 ./emlib/em_emu.o
                0x00004c44                EMU_DCDCOutputVoltageSet
 .text.EMU_DCDCOptimizeSlice
                0x00004f1c       0xe8 ./emlib/em_emu.o
                0x00004f1c                EMU_DCDCOptimizeSlice
 .text.EMU_DCDCLnRcoBandSet
                0x00005004       0x64 ./emlib/em_emu.o
                0x00005004                EMU_DCDCLnRcoBandSet
 .text.BUS_RegMaskedSet
                0x00005068       0x24 ./emlib/em_gpio.o
 .text.BUS_RegMaskedClear
                0x0000508c       0x24 ./emlib/em_gpio.o
 .text.GPIO_PinOutClear
                0x000050b0       0xd0 ./emlib/em_gpio.o
 .text.GPIO_PinOutSet
                0x00005180       0xd0 ./emlib/em_gpio.o
 .text.GPIO_PinModeSet
                0x00005250      0x18c ./emlib/em_gpio.o
                0x00005250                GPIO_PinModeSet
 .text.BUS_RegBitWrite
                0x000053dc       0x2e ./emlib/em_rtcc.o
 *fill*         0x0000540a        0x2 
 .text.RTCC_ChannelInit
                0x0000540c       0x7c ./emlib/em_rtcc.o
                0x0000540c                RTCC_ChannelInit
 .text.RTCC_Enable
                0x00005488       0x24 ./emlib/em_rtcc.o
                0x00005488                RTCC_Enable
 .text.RTCC_Init
                0x000054ac       0x98 ./emlib/em_rtcc.o
                0x000054ac                RTCC_Init
 .text.OSCfg_Init
                0x00005544        0xe ./kernel/source/os_cfg_app.o
                0x00005544                OSCfg_Init
 *fill*         0x00005552        0x2 
 .text.OSInit   0x00005554      0x434 ./kernel/source/os_core.o
                0x00005554                OSInit
 .text.OSSched  0x00005988      0x1ec ./kernel/source/os_core.o
                0x00005988                OSSched
 .text.OSSchedLock
                0x00005b74      0x114 ./kernel/source/os_core.o
                0x00005b74                OSSchedLock
 .text.OSSchedUnlock
                0x00005c88      0x158 ./kernel/source/os_core.o
                0x00005c88                OSSchedUnlock
 .text.OSStart  0x00005de0      0x140 ./kernel/source/os_core.o
                0x00005de0                OSStart
 .text.OSIsIdle
                0x00005f20       0x18 ./kernel/source/os_core.o
                0x00005f20                OSIsIdle
 .text.OS_Pend  0x00005f38       0x7c ./kernel/source/os_core.o
                0x00005f38                OS_Pend
 .text.OS_PendDbgNameAdd
                0x00005fb4       0x78 ./kernel/source/os_core.o
                0x00005fb4                OS_PendDbgNameAdd
 .text.OS_PendDbgNameRemove
                0x0000602c       0x4c ./kernel/source/os_core.o
                0x0000602c                OS_PendDbgNameRemove
 .text.OS_PendListChangePrio
                0x00006078       0x3a ./kernel/source/os_core.o
                0x00006078                OS_PendListChangePrio
 .text.OS_PendListInit
                0x000060b2       0x26 ./kernel/source/os_core.o
                0x000060b2                OS_PendListInit
 .text.OS_PendListInsertPrio
                0x000060d8       0xd8 ./kernel/source/os_core.o
                0x000060d8                OS_PendListInsertPrio
 .text.OS_PendListRemove
                0x000061b0       0xaa ./kernel/source/os_core.o
                0x000061b0                OS_PendListRemove
 .text.OS_Post  0x0000625a      0x10e ./kernel/source/os_core.o
                0x0000625a                OS_Post
 .text.OS_RdyListInit
                0x00006368       0x4c ./kernel/source/os_core.o
                0x00006368                OS_RdyListInit
 .text.OS_RdyListInsert
                0x000063b4       0x44 ./kernel/source/os_core.o
                0x000063b4                OS_RdyListInsert
 .text.OS_RdyListInsertHead
                0x000063f8       0x84 ./kernel/source/os_core.o
                0x000063f8                OS_RdyListInsertHead
 .text.OS_RdyListInsertTail
                0x0000647c       0x80 ./kernel/source/os_core.o
                0x0000647c                OS_RdyListInsertTail
 .text.OS_RdyListMoveHeadToTail
                0x000064fc       0x96 ./kernel/source/os_core.o
                0x000064fc                OS_RdyListMoveHeadToTail
 *fill*         0x00006592        0x2 
 .text.OS_RdyListRemove
                0x00006594       0xb8 ./kernel/source/os_core.o
                0x00006594                OS_RdyListRemove
 .text.OS_SchedRoundRobin
                0x0000664c       0x3c ./kernel/source/os_core.o
                0x0000664c                OS_SchedRoundRobin
 .text.OS_SchedRoundRobinRestartTimer
                0x00006688       0xe0 ./kernel/source/os_core.o
                0x00006688                OS_SchedRoundRobinRestartTimer
 .text.OS_SchedRoundRobinResetQuanta
                0x00006768       0x4c ./kernel/source/os_core.o
                0x00006768                OS_SchedRoundRobinResetQuanta
 .text.OS_TaskBlock
                0x000067b4       0xac ./kernel/source/os_core.o
                0x000067b4                OS_TaskBlock
 .text.OS_TimerCallback
                0x00006860      0x158 ./kernel/source/os_core.o
                0x00006860                OS_TimerCallback
 .text.OS_Dbg_Init
                0x000069b8      0x26c ./kernel/source/os_dbg.o
                0x000069b8                OS_Dbg_Init
 .text.OS_MsgPoolInit
                0x00006c24       0xe0 ./kernel/source/os_msg.o
                0x00006c24                OS_MsgPoolInit
 .text.OS_MsgQFreeAll
                0x00006d04       0x78 ./kernel/source/os_msg.o
                0x00006d04                OS_MsgQFreeAll
 .text.OS_MsgQInit
                0x00006d7c       0x36 ./kernel/source/os_msg.o
                0x00006d7c                OS_MsgQInit
 *fill*         0x00006db2        0x2 
 .text.OSMutexCreate
                0x00006db4      0x120 ./kernel/source/os_mutex.o
                0x00006db4                OSMutexCreate
 .text.OSMutexPend
                0x00006ed4      0x48c ./kernel/source/os_mutex.o
                0x00006ed4                OSMutexPend
 .text.OSMutexPost
                0x00007360      0x354 ./kernel/source/os_mutex.o
                0x00007360                OSMutexPost
 .text.OS_MutexDbgListAdd
                0x000076b4       0x50 ./kernel/source/os_mutex.o
                0x000076b4                OS_MutexDbgListAdd
 .text.OS_MutexGrpAdd
                0x00007704       0x24 ./kernel/source/os_mutex.o
                0x00007704                OS_MutexGrpAdd
 .text.OS_MutexGrpRemove
                0x00007728       0x3a ./kernel/source/os_mutex.o
                0x00007728                OS_MutexGrpRemove
 .text.OS_MutexGrpPrioFindHighest
                0x00007762       0x54 ./kernel/source/os_mutex.o
                0x00007762                OS_MutexGrpPrioFindHighest
 .text.OS_MutexGrpPostAll
                0x000077b6       0x86 ./kernel/source/os_mutex.o
                0x000077b6                OS_MutexGrpPostAll
 .text.OS_PrioInit
                0x0000783c       0x34 ./kernel/source/os_prio.o
                0x0000783c                OS_PrioInit
 .text.OS_PrioGetHighest
                0x00007870       0x38 ./kernel/source/os_prio.o
                0x00007870                OS_PrioGetHighest
 .text.OS_PrioInsert
                0x000078a8       0x50 ./kernel/source/os_prio.o
                0x000078a8                OS_PrioInsert
 .text.OS_PrioRemove
                0x000078f8       0x54 ./kernel/source/os_prio.o
                0x000078f8                OS_PrioRemove
 .text.OSStatReset
                0x0000794c      0x144 ./kernel/source/os_stat.o
                0x0000794c                OSStatReset
 .text.OS_StatTask
                0x00007a90      0x2d4 ./kernel/source/os_stat.o
                0x00007a90                OS_StatTask
 .text.OS_StatTaskInit
                0x00007d64       0x78 ./kernel/source/os_stat.o
                0x00007d64                OS_StatTaskInit
 .text.OS_StatTickInit
                0x00007ddc       0x18 ./kernel/source/os_stat.o
                0x00007ddc                OS_StatTickInit
 .text.OS_StatIdleEnterNotify
                0x00007df4       0x18 ./kernel/source/os_stat.o
                0x00007df4                OS_StatIdleEnterNotify
 .text.OS_StatIdleExitNotify
                0x00007e0c       0x44 ./kernel/source/os_stat.o
                0x00007e0c                OS_StatIdleExitNotify
 .text.OSTaskCreate
                0x00007e50      0x400 ./kernel/source/os_task.o
                0x00007e50                OSTaskCreate
 .text.OSTaskDel
                0x00008250      0x2c8 ./kernel/source/os_task.o
                0x00008250                OSTaskDel
 .text.OSTaskStkChk
                0x00008518      0x1dc ./kernel/source/os_task.o
                0x00008518                OSTaskStkChk
 .text.OSTaskStkRedzoneChk
                0x000086f4       0x5c ./kernel/source/os_task.o
                0x000086f4                OSTaskStkRedzoneChk
 .text.OS_TaskDbgListAdd
                0x00008750       0x4c ./kernel/source/os_task.o
                0x00008750                OS_TaskDbgListAdd
 .text.OS_TaskDbgListRemove
                0x0000879c       0x84 ./kernel/source/os_task.o
                0x0000879c                OS_TaskDbgListRemove
 .text.OS_TaskInit
                0x00008820       0x6c ./kernel/source/os_task.o
                0x00008820                OS_TaskInit
 .text.OS_TaskInitTCB
                0x0000888c      0x1a8 ./kernel/source/os_task.o
                0x0000888c                OS_TaskInitTCB
 .text.OS_TaskReturn
                0x00008a34       0x28 ./kernel/source/os_task.o
                0x00008a34                OS_TaskReturn
 .text.OS_TaskStkRedzoneChk
                0x00008a5c       0x44 ./kernel/source/os_task.o
                0x00008a5c                OS_TaskStkRedzoneChk
 .text.OS_TaskStkRedzoneInit
                0x00008aa0       0x38 ./kernel/source/os_task.o
                0x00008aa0                OS_TaskStkRedzoneInit
 .text.OS_TaskChangePrio
                0x00008ad8      0x178 ./kernel/source/os_task.o
                0x00008ad8                OS_TaskChangePrio
 .text.OSTimeTickRateHzGet
                0x00008c50       0x54 ./kernel/source/os_time.o
                0x00008c50                OSTimeTickRateHzGet
 .text.OSTimeDly
                0x00008ca4      0x38c ./kernel/source/os_time.o
                0x00008ca4                OSTimeDly
 .text.OS_TmrInit
                0x00009030      0x104 ./kernel/source/os_tmr.o
                0x00009030                OS_TmrInit
 .text.OS_TmrUnlink
                0x00009134       0x80 ./kernel/source/os_tmr.o
                0x00009134                OS_TmrUnlink
 .text.OS_TmrTask
                0x000091b4       0xd4 ./kernel/source/os_tmr.o
                0x000091b4                OS_TmrTask
 .text.OS_TmrLock
                0x00009288       0x28 ./kernel/source/os_tmr.o
 .text.OS_TmrUnlock
                0x000092b0       0x20 ./kernel/source/os_tmr.o
 .text          0x000092d0       0x18 ./ports/source/gnu/armv7m_cpu_a.o
                0x000092d0                CPU_CntLeadZeros
                0x000092d6                CPU_CntTrailZeros
                0x000092e0                CPU_RevBits
 .text          0x000092e8      0x148 ./ports/source/gnu/armv7m_os_cpu_a.o
                0x000092e8                OSStartHighRdy
                0x00009366                OSCtxSw
                0x00009370                OSIntCtxSw
                0x0000937a                PendSV_Handler
 .text.OSIdleContext
                0x00009430        0xc ./ports/source/gnu/armv7m_os_cpu_c.o
                0x00009430                OSIdleContext
 .text.OSInitHook
                0x0000943c       0x5c ./ports/source/gnu/armv7m_os_cpu_c.o
                0x0000943c                OSInitHook
 .text.OSRedzoneHitHook
                0x00009498       0x20 ./ports/source/gnu/armv7m_os_cpu_c.o
                0x00009498                OSRedzoneHitHook
 .text.OSStatTaskHook
                0x000094b8        0xe ./ports/source/gnu/armv7m_os_cpu_c.o
                0x000094b8                OSStatTaskHook
 .text.OSTaskCreateHook
                0x000094c6       0x14 ./ports/source/gnu/armv7m_os_cpu_c.o
                0x000094c6                OSTaskCreateHook
 .text.OSTaskDelHook
                0x000094da       0x14 ./ports/source/gnu/armv7m_os_cpu_c.o
                0x000094da                OSTaskDelHook
 .text.OSTaskReturnHook
                0x000094ee       0x14 ./ports/source/gnu/armv7m_os_cpu_c.o
                0x000094ee                OSTaskReturnHook
 *fill*         0x00009502        0x2 
 .text.OSTaskStkInit
                0x00009504      0x118 ./ports/source/gnu/armv7m_os_cpu_c.o
                0x00009504                OSTaskStkInit
 .text.OSTaskSwHook
                0x0000961c       0x44 ./ports/source/gnu/armv7m_os_cpu_c.o
                0x0000961c                OSTaskSwHook
 .text.sl_sleeptimer_init
                0x00009660       0x88 ./service/sl_sleeptimer.o
                0x00009660                sl_sleeptimer_init
 .text.sl_sleeptimer_start_timer
                0x000096e8       0x56 ./service/sl_sleeptimer.o
                0x000096e8                sl_sleeptimer_start_timer
 *fill*         0x0000973e        0x2 
 .text.sl_sleeptimer_stop_timer
                0x00009740       0x74 ./service/sl_sleeptimer.o
                0x00009740                sl_sleeptimer_stop_timer
 .text.sl_sleeptimer_is_timer_running
                0x000097b4       0x6c ./service/sl_sleeptimer.o
                0x000097b4                sl_sleeptimer_is_timer_running
 .text.sl_sleeptimer_get_timer_time_remaining
                0x00009820       0xb4 ./service/sl_sleeptimer.o
                0x00009820                sl_sleeptimer_get_timer_time_remaining
 .text.sl_sleeptimer_get_tick_count
                0x000098d4        0xe ./service/sl_sleeptimer.o
                0x000098d4                sl_sleeptimer_get_tick_count
 .text.sl_sleeptimer_get_timer_frequency
                0x000098e2        0xe ./service/sl_sleeptimer.o
                0x000098e2                sl_sleeptimer_get_timer_frequency
 .text.process_timer_irq
                0x000098f0      0x16c ./service/sl_sleeptimer.o
                0x000098f0                process_timer_irq
 .text.delta_list_insert_timer
                0x00009a5c       0xbc ./service/sl_sleeptimer.o
 .text.delta_list_remove_timer
                0x00009b18       0x7c ./service/sl_sleeptimer.o
 .text.set_comparator_for_next_timer
                0x00009b94       0x30 ./service/sl_sleeptimer.o
 .text.update_first_timer_delta
                0x00009bc4       0x70 ./service/sl_sleeptimer.o
 .text.create_timer
                0x00009c34       0x9c ./service/sl_sleeptimer.o
 .text.__NVIC_EnableIRQ
                0x00009cd0       0x3c ./service/sl_sleeptimer_hal_rtcc.o
 .text.__NVIC_ClearPendingIRQ
                0x00009d0c       0x3c ./service/sl_sleeptimer_hal_rtcc.o
 .text.RTCC_ChannelCompareValueGet
                0x00009d48       0x38 ./service/sl_sleeptimer_hal_rtcc.o
 .text.RTCC_ChannelCompareValueSet
                0x00009d80       0x3c ./service/sl_sleeptimer_hal_rtcc.o
 .text.RTCC_ChannelCCVGet
                0x00009dbc       0x18 ./service/sl_sleeptimer_hal_rtcc.o
 .text.RTCC_ChannelCCVSet
                0x00009dd4       0x1a ./service/sl_sleeptimer_hal_rtcc.o
 *fill*         0x00009dee        0x2 
 .text.RTCC_CounterGet
                0x00009df0       0x18 ./service/sl_sleeptimer_hal_rtcc.o
 .text.RTCC_CounterSet
                0x00009e08       0x20 ./service/sl_sleeptimer_hal_rtcc.o
 .text.RTCC_IntClear
                0x00009e28       0x20 ./service/sl_sleeptimer_hal_rtcc.o
 .text.RTCC_IntDisable
                0x00009e48       0x28 ./service/sl_sleeptimer_hal_rtcc.o
 .text.RTCC_IntEnable
                0x00009e70       0x24 ./service/sl_sleeptimer_hal_rtcc.o
 .text.RTCC_IntGet
                0x00009e94       0x18 ./service/sl_sleeptimer_hal_rtcc.o
 .text.SL_Log2ToDiv
                0x00009eac       0x2c ./service/sl_sleeptimer_hal_rtcc.o
 .text.CMU_PrescToLog2
                0x00009ed8       0x54 ./service/sl_sleeptimer_hal_rtcc.o
 .text.sleeptimer_hal_init_timer
                0x00009f2c       0x90 ./service/sl_sleeptimer_hal_rtcc.o
                0x00009f2c                sleeptimer_hal_init_timer
 .text.sleeptimer_hal_get_counter
                0x00009fbc        0xe ./service/sl_sleeptimer_hal_rtcc.o
                0x00009fbc                sleeptimer_hal_get_counter
 .text.sleeptimer_hal_get_compare
                0x00009fca       0x10 ./service/sl_sleeptimer_hal_rtcc.o
                0x00009fca                sleeptimer_hal_get_compare
 .text.sleeptimer_hal_set_compare
                0x00009fda       0x78 ./service/sl_sleeptimer_hal_rtcc.o
                0x00009fda                sleeptimer_hal_set_compare
 .text.sleeptimer_hal_enable_int
                0x0000a052       0x40 ./service/sl_sleeptimer_hal_rtcc.o
                0x0000a052                sleeptimer_hal_enable_int
 .text.sleeptimer_hal_disable_int
                0x0000a092       0x40 ./service/sl_sleeptimer_hal_rtcc.o
                0x0000a092                sleeptimer_hal_disable_int
 .text.RTCC_IRQHandler
                0x0000a0d2       0x5c ./service/sl_sleeptimer_hal_rtcc.o
                0x0000a0d2                RTCC_IRQHandler
 *fill*         0x0000a12e        0x2 
 .text.sleeptimer_hal_get_timer_frequency
                0x0000a130       0x20 ./service/sl_sleeptimer_hal_rtcc.o
                0x0000a130                sleeptimer_hal_get_timer_frequency
 .text.get_time_diff
                0x0000a150       0x1c ./service/sl_sleeptimer_hal_rtcc.o
 .text.main     0x0000a16c       0x88 ./src/ex_main.o
                0x0000a16c                main
 .text.Ex_MainStartTask
                0x0000a1f4       0x42 ./src/ex_main.o
 *fill*         0x0000a236        0x2 
 .text          0x0000a238       0x30 c:/siliconlabs/simplicitystudio/v4/developer/toolchains/gnu_arm/7.2_2017q4/bin/../lib/gcc/arm-none-eabi/7.2.1/thumb/v7e-m/fpv4-sp/softfp\libgcc.a(_aeabi_uldivmod.o)
                0x0000a238                __aeabi_uldivmod
 .text          0x0000a268      0x2cc c:/siliconlabs/simplicitystudio/v4/developer/toolchains/gnu_arm/7.2_2017q4/bin/../lib/gcc/arm-none-eabi/7.2.1/thumb/v7e-m/fpv4-sp/softfp\libgcc.a(_udivmoddi4.o)
                0x0000a268                __udivmoddi4
 .text          0x0000a534        0x4 c:/siliconlabs/simplicitystudio/v4/developer/toolchains/gnu_arm/7.2_2017q4/bin/../lib/gcc/arm-none-eabi/7.2.1/thumb/v7e-m/fpv4-sp/softfp\libgcc.a(_dvmd_tls.o)
                0x0000a534                __aeabi_idiv0
                0x0000a534                __aeabi_ldiv0
 .text.exit     0x0000a538       0x28 c:/siliconlabs/simplicitystudio/v4/developer/toolchains/gnu_arm/7.2_2017q4/bin/../lib/gcc/arm-none-eabi/7.2.1/../../../../arm-none-eabi/lib/thumb/v7e-m/fpv4-sp/softfp\libc_nano.a(lib_a-exit.o)
                0x0000a538                exit
 .text.__libc_init_array
                0x0000a560       0x48 c:/siliconlabs/simplicitystudio/v4/developer/toolchains/gnu_arm/7.2_2017q4/bin/../lib/gcc/arm-none-eabi/7.2.1/../../../../arm-none-eabi/lib/thumb/v7e-m/fpv4-sp/softfp\libc_nano.a(lib_a-init.o)
                0x0000a560                __libc_init_array
 .text.memcpy   0x0000a5a8       0x16 c:/siliconlabs/simplicitystudio/v4/developer/toolchains/gnu_arm/7.2_2017q4/bin/../lib/gcc/arm-none-eabi/7.2.1/../../../../arm-none-eabi/lib/thumb/v7e-m/fpv4-sp/softfp\libc_nano.a(lib_a-memcpy-stub.o)
                0x0000a5a8                memcpy
 .text.memset   0x0000a5be       0x10 c:/siliconlabs/simplicitystudio/v4/developer/toolchains/gnu_arm/7.2_2017q4/bin/../lib/gcc/arm-none-eabi/7.2.1/../../../../arm-none-eabi/lib/thumb/v7e-m/fpv4-sp/softfp\libc_nano.a(lib_a-memset.o)
                0x0000a5be                memset
 .text.strcpy   0x0000a5ce       0x10 c:/siliconlabs/simplicitystudio/v4/developer/toolchains/gnu_arm/7.2_2017q4/bin/../lib/gcc/arm-none-eabi/7.2.1/../../../../arm-none-eabi/lib/thumb/v7e-m/fpv4-sp/softfp\libc_nano.a(lib_a-strcpy.o)
                0x0000a5ce                strcpy
 *fill*         0x0000a5de        0x2 
 .text._exit    0x0000a5e0        0x4 c:/siliconlabs/simplicitystudio/v4/developer/toolchains/gnu_arm/7.2_2017q4/bin/../lib/gcc/arm-none-eabi/7.2.1/../../../../arm-none-eabi/lib/thumb/v7e-m/fpv4-sp/softfp\libnosys.a(_exit.o)
                0x0000a5e0                _exit
 *(.init)
 .init          0x0000a5e4        0x4 c:/siliconlabs/simplicitystudio/v4/developer/toolchains/gnu_arm/7.2_2017q4/bin/../lib/gcc/arm-none-eabi/7.2.1/thumb/v7e-m/fpv4-sp/softfp/crti.o
                0x0000a5e4                _init
 .init          0x0000a5e8        0x8 c:/siliconlabs/simplicitystudio/v4/developer/toolchains/gnu_arm/7.2_2017q4/bin/../lib/gcc/arm-none-eabi/7.2.1/thumb/v7e-m/fpv4-sp/softfp/crtn.o
 *(.fini)
 .fini          0x0000a5f0        0x4 c:/siliconlabs/simplicitystudio/v4/developer/toolchains/gnu_arm/7.2_2017q4/bin/../lib/gcc/arm-none-eabi/7.2.1/thumb/v7e-m/fpv4-sp/softfp/crti.o
                0x0000a5f0                _fini
 .fini          0x0000a5f4        0x8 c:/siliconlabs/simplicitystudio/v4/developer/toolchains/gnu_arm/7.2_2017q4/bin/../lib/gcc/arm-none-eabi/7.2.1/thumb/v7e-m/fpv4-sp/softfp/crtn.o
 *crtbegin.o(.ctors)
 *crtbegin?.o(.ctors)
 *(EXCLUDE_FILE(*crtend.o *crtend?.o) .ctors)
 *(SORT_BY_NAME(.ctors.*))
 *(.ctors)
 *crtbegin.o(.dtors)
 *crtbegin?.o(.dtors)
 *(EXCLUDE_FILE(*crtend.o *crtend?.o) .dtors)
 *(SORT_BY_NAME(.dtors.*))
 *(.dtors)
 *(.rodata*)
 .rodata        0x0000a5fc       0x64 ./BSP/bsp_stk_leds.o
 .rodata.ledArray
                0x0000a660       0x10 ./BSP/bsp_stk_leds.o
 .rodata.dcdcInit
                0x0000a670       0x10 ./BSP/siliconlabs/generic/source/bsp_os.o
 .rodata        0x0000a680       0x17 ./SystemView/SEGGER_RTT.o
 *fill*         0x0000a697        0x1 
 .rodata._abSync
                0x0000a698        0xa ./SystemView/SEGGER_SYSVIEW.o
 *fill*         0x0000a6a2        0x2 
 .rodata        0x0000a6a4        0x8 ./SystemView/SEGGER_SYSVIEW.o
 .rodata        0x0000a6ac       0x41 ./SystemView/SEGGER_SYSVIEW_Config_MicriumOSKernel.o
 *fill*         0x0000a6ed        0x3 
 .rodata        0x0000a6f0       0xa3 ./SystemView/SEGGER_SYSVIEW_MicriumOSKernel.o
 *fill*         0x0000a793        0x1 
 .rodata.SYSVIEW_X_OS_TraceAPI
                0x0000a794        0x8 ./SystemView/SEGGER_SYSVIEW_MicriumOSKernel.o
                0x0000a794                SYSVIEW_X_OS_TraceAPI
 .rodata        0x0000a79c       0x79 ./common/source/common/common.o
 *fill*         0x0000a815        0x3 
 .rodata.__func__.8548
                0x0000a818        0xc ./common/source/common/common.o
 .rodata        0x0000a824      0x105 ./common/source/kal/kal_kernel.o
 *fill*         0x0000a929        0x3 
 .rodata.__func__.8866
                0x0000a92c        0x9 ./common/source/kal/kal_kernel.o
 *fill*         0x0000a935        0x3 
 .rodata        0x0000a938       0x77 ./common/source/lib/lib_mem.o
 *fill*         0x0000a9af        0x1 
 .rodata.__func__.8653
                0x0000a9b0        0xb ./common/source/lib/lib_mem.o
 *fill*         0x0000a9bb        0x1 
 .rodata.__func__.8719
                0x0000a9bc       0x12 ./common/source/lib/lib_mem.o
 *fill*         0x0000a9ce        0x2 
 .rodata.__func__.8756
                0x0000a9d0       0x12 ./common/source/lib/lib_mem.o
 *fill*         0x0000a9e2        0x2 
 .rodata.__func__.8766
                0x0000a9e4       0x13 ./common/source/lib/lib_mem.o
 *fill*         0x0000a9f7        0x1 
 .rodata.__func__.8813
                0x0000a9f8       0x15 ./common/source/lib/lib_mem.o
 *fill*         0x0000aa0d        0x3 
 .rodata.__func__.8829
                0x0000aa10       0x18 ./common/source/lib/lib_mem.o
 .rodata.__func__.8843
                0x0000aa28       0x1a ./common/source/lib/lib_mem.o
 *fill*         0x0000aa42        0x2 
 .rodata        0x0000aa44       0xd5 ./common/source/platform_mgr/platform_mgr.o
 *fill*         0x0000ab19        0x3 
 .rodata.__func__.8607
                0x0000ab1c       0x10 ./common/source/platform_mgr/platform_mgr.o
 .rodata        0x0000ab2c     0x2350 ./common/source/rtos/rtos_err_str.o
 .rodata.RTOS_ErrStrTbl
                0x0000ce7c      0x24c ./common/source/rtos/rtos_err_str.o
                0x0000ce7c                RTOS_ErrStrTbl
 .rodata.RTOS_ErrDescStrTbl
                0x0000d0c8      0x24c ./common/source/rtos/rtos_err_str.o
                0x0000d0c8                RTOS_ErrDescStrTbl
 .rodata        0x0000d314       0x71 ./cpu/source/cpu_core.o
 *fill*         0x0000d385        0x3 
 .rodata.__func__.8513
                0x0000d388       0x12 ./cpu/source/cpu_core.o
 *fill*         0x0000d39a        0x2 
 .rodata        0x0000d39c      0x12f ./emlib/em_cmu.o
 *fill*         0x0000d4cb        0x1 
 .rodata.flashWsTable
                0x0000d4cc       0x28 ./emlib/em_cmu.o
 .rodata        0x0000d4f4       0x63 ./emlib/em_emu.o
 *fill*         0x0000d557        0x1 
 .rodata        0x0000d558       0xc8 ./emlib/em_gpio.o
 .rodata        0x0000d620       0x64 ./emlib/em_rtcc.o
 .rodata.OSCfg_StkSizeMin
                0x0000d684        0x4 ./kernel/source/os_cfg_app.o
                0x0000d684                OSCfg_StkSizeMin
 .rodata        0x0000d688       0xea ./kernel/source/os_core.o
 *fill*         0x0000d772        0x2 
 .rodata.__func__.9093
                0x0000d774        0x7 ./kernel/source/os_core.o
 *fill*         0x0000d77b        0x1 
 .rodata.__func__.9115
                0x0000d77c        0xc ./kernel/source/os_core.o
 .rodata.__func__.9122
                0x0000d788        0xe ./kernel/source/os_core.o
 *fill*         0x0000d796        0x2 
 .rodata.__func__.9143
                0x0000d798        0x8 ./kernel/source/os_core.o
 .rodata        0x0000d7a0       0x72 ./kernel/source/os_msg.o
 *fill*         0x0000d812        0x2 
 .rodata.__func__.9064
                0x0000d814        0xf ./kernel/source/os_msg.o
 *fill*         0x0000d823        0x1 
 .rodata        0x0000d824       0x7e ./kernel/source/os_mutex.o
 *fill*         0x0000d8a2        0x2 
 .rodata.__func__.9060
                0x0000d8a4        0xe ./kernel/source/os_mutex.o
 *fill*         0x0000d8b2        0x2 
 .rodata.__func__.9097
                0x0000d8b4        0xc ./kernel/source/os_mutex.o
 .rodata.__func__.9140
                0x0000d8c0        0xc ./kernel/source/os_mutex.o
 .rodata        0x0000d8cc       0x87 ./kernel/source/os_stat.o
 *fill*         0x0000d953        0x1 
 .rodata.__func__.9071
                0x0000d954        0xc ./kernel/source/os_stat.o
 .rodata        0x0000d960       0x7e ./kernel/source/os_task.o
 *fill*         0x0000d9de        0x2 
 .rodata.__func__.9085
                0x0000d9e0        0xd ./kernel/source/os_task.o
 *fill*         0x0000d9ed        0x3 
 .rodata.__func__.9108
                0x0000d9f0        0xa ./kernel/source/os_task.o
 *fill*         0x0000d9fa        0x2 
 .rodata.__func__.9321
                0x0000d9fc        0xd ./kernel/source/os_task.o
 *fill*         0x0000da09        0x3 
 .rodata.__func__.9369
                0x0000da0c        0xc ./kernel/source/os_task.o
 .rodata        0x0000da18       0x73 ./kernel/source/os_time.o
 *fill*         0x0000da8b        0x1 
 .rodata.__func__.9057
                0x0000da8c       0x14 ./kernel/source/os_time.o
 .rodata.__func__.9066
                0x0000daa0        0xa ./kernel/source/os_time.o
 *fill*         0x0000daaa        0x2 
 .rodata        0x0000daac       0xa0 ./kernel/source/os_tmr.o
 .rodata        0x0000db4c      0x143 ./service/sl_sleeptimer_hal_rtcc.o
 *fill*         0x0000dc8f        0x1 
 .rodata        0x0000dc90       0x13 ./src/ex_main.o
 *fill*         0x0000dca3        0x1 
 .rodata._global_impure_ptr
                0x0000dca4        0x4 c:/siliconlabs/simplicitystudio/v4/developer/toolchains/gnu_arm/7.2_2017q4/bin/../lib/gcc/arm-none-eabi/7.2.1/../../../../arm-none-eabi/lib/thumb/v7e-m/fpv4-sp/softfp\libc_nano.a(lib_a-impure.o)
                0x0000dca4                _global_impure_ptr
 *(.eh_frame*)
 .eh_frame      0x0000dca8        0x0 c:/siliconlabs/simplicitystudio/v4/developer/toolchains/gnu_arm/7.2_2017q4/bin/../lib/gcc/arm-none-eabi/7.2.1/thumb/v7e-m/fpv4-sp/softfp/crtbegin.o
 .eh_frame      0x0000dca8        0x4 c:/siliconlabs/simplicitystudio/v4/developer/toolchains/gnu_arm/7.2_2017q4/bin/../lib/gcc/arm-none-eabi/7.2.1/thumb/v7e-m/fpv4-sp/softfp/crtend.o

.glue_7         0x0000dcac        0x0
 .glue_7        0x0000dcac        0x0 linker stubs

.glue_7t        0x0000dcac        0x0
 .glue_7t       0x0000dcac        0x0 linker stubs

.vfp11_veneer   0x0000dcac        0x0
 .vfp11_veneer  0x0000dcac        0x0 linker stubs

.v4_bx          0x0000dcac        0x0
 .v4_bx         0x0000dcac        0x0 linker stubs

.iplt           0x0000dcac        0x0
 .iplt          0x0000dcac        0x0 c:/siliconlabs/simplicitystudio/v4/developer/toolchains/gnu_arm/7.2_2017q4/bin/../lib/gcc/arm-none-eabi/7.2.1/thumb/v7e-m/fpv4-sp/softfp/crtbegin.o

.ARM.extab
 *(.ARM.extab* .gnu.linkonce.armextab.*)
                0x0000dcac                __exidx_start = .

.ARM.exidx      0x0000dcac        0x8
 *(.ARM.exidx* .gnu.linkonce.armexidx.*)
 .ARM.exidx     0x0000dcac        0x8 c:/siliconlabs/simplicitystudio/v4/developer/toolchains/gnu_arm/7.2_2017q4/bin/../lib/gcc/arm-none-eabi/7.2.1/../../../../arm-none-eabi/lib/thumb/v7e-m/fpv4-sp/softfp/crt0.o
 .ARM.exidx     0x0000dcb4        0x0 c:/siliconlabs/simplicitystudio/v4/developer/toolchains/gnu_arm/7.2_2017q4/bin/../lib/gcc/arm-none-eabi/7.2.1/thumb/v7e-m/fpv4-sp/softfp\libgcc.a(_udivmoddi4.o)
                                  0x8 (size before relaxing)
                0x0000dcb4                __exidx_end = .
                0x0000dcb4                __etext = .

.rel.dyn        0x0000dcb4        0x0
 .rel.iplt      0x0000dcb4        0x0 c:/siliconlabs/simplicitystudio/v4/developer/toolchains/gnu_arm/7.2_2017q4/bin/../lib/gcc/arm-none-eabi/7.2.1/thumb/v7e-m/fpv4-sp/softfp/crtbegin.o

.data           0x20000000      0x120 load address 0x0000dcb4
                0x20000000                __data_start__ = .
 *(vtable)
 *(.data*)
 .data.SystemHFXOClock
                0x20000000        0x4 ./CMSIS/EFM32PG12B/system_efm32pg12b.o
 .data.SystemLFXOClock
                0x20000004        0x4 ./CMSIS/EFM32PG12B/system_efm32pg12b.o
 .data.SystemCoreClock
                0x20000008        0x4 ./CMSIS/EFM32PG12B/system_efm32pg12b.o
                0x20000008                SystemCoreClock
 .data.SystemHfrcoFreq
                0x2000000c        0x4 ./CMSIS/EFM32PG12B/system_efm32pg12b.o
                0x2000000c                SystemHfrcoFreq
 .data.Mem_SegHeap
                0x20000010       0x14 ./common/source/lib/lib_mem.o
                0x20000010                Mem_SegHeap
 .data.PlatformMgr_InitCfg
                0x20000024        0x8 ./common/source/platform_mgr/platform_mgr.o
 .data.auxHfrcoFreq
                0x2000002c        0x4 ./emlib/em_cmu.o
 .data.OS_InitCfg
                0x20000030       0x38 ./kernel/source/os_core.o
 .data.OSDbg_DbgEn
                0x20000068        0x1 ./kernel/source/os_dbg.o
                0x20000068                OSDbg_DbgEn
 .data.OSDbg_ArgChkEn
                0x20000069        0x1 ./kernel/source/os_dbg.o
                0x20000069                OSDbg_ArgChkEn
 *fill*         0x2000006a        0x2 
 .data.OSDbg_EndiannessTest
                0x2000006c        0x4 ./kernel/source/os_dbg.o
                0x2000006c                OSDbg_EndiannessTest
 .data.OSDbg_FlagEn
                0x20000070        0x1 ./kernel/source/os_dbg.o
                0x20000070                OSDbg_FlagEn
 *fill*         0x20000071        0x1 
 .data.OSDbg_FlagGrpSize
                0x20000072        0x2 ./kernel/source/os_dbg.o
                0x20000072                OSDbg_FlagGrpSize
 .data.OSDbg_FlagWidth
                0x20000074        0x2 ./kernel/source/os_dbg.o
                0x20000074                OSDbg_FlagWidth
 .data.OSDbg_MsgEn
                0x20000076        0x1 ./kernel/source/os_dbg.o
                0x20000076                OSDbg_MsgEn
 *fill*         0x20000077        0x1 
 .data.OSDbg_MsgSize
                0x20000078        0x2 ./kernel/source/os_dbg.o
                0x20000078                OSDbg_MsgSize
 .data.OSDbg_MsgPoolSize
                0x2000007a        0x2 ./kernel/source/os_dbg.o
                0x2000007a                OSDbg_MsgPoolSize
 .data.OSDbg_MsgQSize
                0x2000007c        0x2 ./kernel/source/os_dbg.o
                0x2000007c                OSDbg_MsgQSize
 .data.OSDbg_MutexEn
                0x2000007e        0x1 ./kernel/source/os_dbg.o
                0x2000007e                OSDbg_MutexEn
 *fill*         0x2000007f        0x1 
 .data.OSDbg_MutexSize
                0x20000080        0x2 ./kernel/source/os_dbg.o
                0x20000080                OSDbg_MutexSize
 .data.OSDbg_PendListSize
                0x20000082        0x2 ./kernel/source/os_dbg.o
                0x20000082                OSDbg_PendListSize
 .data.OSDbg_PendObjSize
                0x20000084        0x2 ./kernel/source/os_dbg.o
                0x20000084                OSDbg_PendObjSize
 .data.OSDbg_PrioMax
                0x20000086        0x2 ./kernel/source/os_dbg.o
                0x20000086                OSDbg_PrioMax
 .data.OSDbg_PrioTblSize
                0x20000088        0x2 ./kernel/source/os_dbg.o
                0x20000088                OSDbg_PrioTblSize
 .data.OSDbg_PtrSize
                0x2000008a        0x2 ./kernel/source/os_dbg.o
                0x2000008a                OSDbg_PtrSize
 .data.OSDbg_QEn
                0x2000008c        0x1 ./kernel/source/os_dbg.o
                0x2000008c                OSDbg_QEn
 *fill*         0x2000008d        0x1 
 .data.OSDbg_QSize
                0x2000008e        0x2 ./kernel/source/os_dbg.o
                0x2000008e                OSDbg_QSize
 .data.OSDbg_SchedRoundRobinEn
                0x20000090        0x1 ./kernel/source/os_dbg.o
                0x20000090                OSDbg_SchedRoundRobinEn
 .data.OSDbg_SemEn
                0x20000091        0x1 ./kernel/source/os_dbg.o
                0x20000091                OSDbg_SemEn
 .data.OSDbg_SemSize
                0x20000092        0x2 ./kernel/source/os_dbg.o
                0x20000092                OSDbg_SemSize
 .data.OSDbg_RdyList
                0x20000094        0x2 ./kernel/source/os_dbg.o
                0x20000094                OSDbg_RdyList
 *fill*         0x20000096        0x2 
 .data.OSDbg_RdyListSize
                0x20000098        0x4 ./kernel/source/os_dbg.o
                0x20000098                OSDbg_RdyListSize
 .data.OSDbg_StkWidth
                0x2000009c        0x1 ./kernel/source/os_dbg.o
                0x2000009c                OSDbg_StkWidth
 .data.OSDbg_StatTaskEn
                0x2000009d        0x1 ./kernel/source/os_dbg.o
                0x2000009d                OSDbg_StatTaskEn
 .data.OSDbg_StatTaskStkChkEn
                0x2000009e        0x1 ./kernel/source/os_dbg.o
                0x2000009e                OSDbg_StatTaskStkChkEn
 .data.OSDbg_TaskChangePrioEn
                0x2000009f        0x1 ./kernel/source/os_dbg.o
                0x2000009f                OSDbg_TaskChangePrioEn
 .data.OSDbg_TaskDelEn
                0x200000a0        0x1 ./kernel/source/os_dbg.o
                0x200000a0                OSDbg_TaskDelEn
 .data.OSDbg_TaskQEn
                0x200000a1        0x1 ./kernel/source/os_dbg.o
                0x200000a1                OSDbg_TaskQEn
 .data.OSDbg_TaskProfileEn
                0x200000a2        0x1 ./kernel/source/os_dbg.o
                0x200000a2                OSDbg_TaskProfileEn
 *fill*         0x200000a3        0x1 
 .data.OSDbg_TaskRegTblSize
                0x200000a4        0x2 ./kernel/source/os_dbg.o
                0x200000a4                OSDbg_TaskRegTblSize
 .data.OSDbg_TaskSuspendEn
                0x200000a6        0x1 ./kernel/source/os_dbg.o
                0x200000a6                OSDbg_TaskSuspendEn
 *fill*         0x200000a7        0x1 
 .data.OSDbg_TCBSize
                0x200000a8        0x2 ./kernel/source/os_dbg.o
                0x200000a8                OSDbg_TCBSize
 .data.OSDbg_TickListSize
                0x200000aa        0x2 ./kernel/source/os_dbg.o
                0x200000aa                OSDbg_TickListSize
 .data.OSDbg_TmrEn
                0x200000ac        0x1 ./kernel/source/os_dbg.o
                0x200000ac                OSDbg_TmrEn
 *fill*         0x200000ad        0x1 
 .data.OSDbg_TmrSize
                0x200000ae        0x2 ./kernel/source/os_dbg.o
                0x200000ae                OSDbg_TmrSize
 .data.OSDbg_VersionNbr
                0x200000b0        0x2 ./kernel/source/os_dbg.o
                0x200000b0                OSDbg_VersionNbr
 *fill*         0x200000b2        0x2 
 .data.OSDbg_DataSize
                0x200000b4        0x4 ./kernel/source/os_dbg.o
                0x200000b4                OSDbg_DataSize
 .data.impure_data
                0x200000b8       0x60 c:/siliconlabs/simplicitystudio/v4/developer/toolchains/gnu_arm/7.2_2017q4/bin/../lib/gcc/arm-none-eabi/7.2.1/../../../../arm-none-eabi/lib/thumb/v7e-m/fpv4-sp/softfp\libc_nano.a(lib_a-impure.o)
                0x20000118                . = ALIGN (0x4)
                [!provide]                PROVIDE (__ram_func_section_start, .)
 *(.ram)
                [!provide]                PROVIDE (__ram_func_section_end, .)
                0x20000118                . = ALIGN (0x4)
                0x20000118                PROVIDE (__preinit_array_start, .)
 *(.preinit_array)
                0x20000118                PROVIDE (__preinit_array_end, .)
                0x20000118                . = ALIGN (0x4)
                0x20000118                PROVIDE (__init_array_start, .)
 *(SORT_BY_NAME(.init_array.*))
 *(.init_array)
 .init_array    0x20000118        0x4 c:/siliconlabs/simplicitystudio/v4/developer/toolchains/gnu_arm/7.2_2017q4/bin/../lib/gcc/arm-none-eabi/7.2.1/thumb/v7e-m/fpv4-sp/softfp/crtbegin.o
                0x2000011c                PROVIDE (__init_array_end, .)
                0x2000011c                . = ALIGN (0x4)
                [!provide]                PROVIDE (__fini_array_start, .)
 *(SORT_BY_NAME(.fini_array.*))
 *(.fini_array)
 .fini_array    0x2000011c        0x4 c:/siliconlabs/simplicitystudio/v4/developer/toolchains/gnu_arm/7.2_2017q4/bin/../lib/gcc/arm-none-eabi/7.2.1/thumb/v7e-m/fpv4-sp/softfp/crtbegin.o
                [!provide]                PROVIDE (__fini_array_end, .)
 *(.jcr*)
                0x20000120                . = ALIGN (0x4)
                0x20000120                __data_end__ = .

.igot.plt       0x20000120        0x0 load address 0x0000ddd4
 .igot.plt      0x20000120        0x0 c:/siliconlabs/simplicitystudio/v4/developer/toolchains/gnu_arm/7.2_2017q4/bin/../lib/gcc/arm-none-eabi/7.2.1/thumb/v7e-m/fpv4-sp/softfp/crtbegin.o

.bss            0x20000120     0x54b8 load address 0x0000ddd4
                0x20000120                . = ALIGN (0x4)
                0x20000120                __bss_start__ = .
 *(.bss*)
 .bss           0x20000120       0x1c c:/siliconlabs/simplicitystudio/v4/developer/toolchains/gnu_arm/7.2_2017q4/bin/../lib/gcc/arm-none-eabi/7.2.1/thumb/v7e-m/fpv4-sp/softfp/crtbegin.o
 .bss._acUpBuffer
                0x2000013c      0x400 ./SystemView/SEGGER_RTT.o
 .bss._acDownBuffer
                0x2000053c       0x10 ./SystemView/SEGGER_RTT.o
 .bss._UpBuffer
                0x2000054c     0x1000 ./SystemView/SEGGER_SYSVIEW.o
 .bss._DownBuffer
                0x2000154c        0x8 ./SystemView/SEGGER_SYSVIEW.o
 .bss._SYSVIEW_Globals
                0x20001554       0x28 ./SystemView/SEGGER_SYSVIEW.o
 .bss._pFirstModule
                0x2000157c        0x4 ./SystemView/SEGGER_SYSVIEW.o
 .bss._NumModules
                0x20001580        0x1 ./SystemView/SEGGER_SYSVIEW.o
 *fill*         0x20001581        0x3 
 .bss._aPacket  0x20001584       0xe3 ./SystemView/SEGGER_SYSVIEW.o
 *fill*         0x20001667        0x1 
 .bss._aTasks   0x20001668      0x280 ./SystemView/SEGGER_SYSVIEW_MicriumOSKernel.o
 .bss._NumTasks
                0x200018e8        0x4 ./SystemView/SEGGER_SYSVIEW_MicriumOSKernel.o
 .bss._aResources
                0x200018ec      0xc00 ./SystemView/SEGGER_SYSVIEW_MicriumOSKernel.o
 .bss._NumResources
                0x200024ec        0x4 ./SystemView/SEGGER_SYSVIEW_MicriumOSKernel.o
 .bss.Common_IsInit
                0x200024f0        0x1 ./common/source/common/common.o
 *fill*         0x200024f1        0x3 
 .bss.Common_InitCfg
                0x200024f4        0x4 ./common/source/common/common.o
 .bss.KAL_DataPtr
                0x200024f8        0x4 ./common/source/kal/kal_kernel.o
 .bss.Math_RandSeedCur
                0x200024fc        0x4 ./common/source/lib/lib_math.o
 .bss.PlatformMgrPtr
                0x20002500        0x4 ./common/source/platform_mgr/platform_mgr.o
 .bss.dcdcMaxCurrent_mA
                0x20002504        0x2 ./emlib/em_emu.o
 .bss.dcdcEm01LoadCurrent_mA
                0x20002506        0x2 ./emlib/em_emu.o
 .bss.dcdcReverseCurrentControl
                0x20002508        0x2 ./emlib/em_emu.o
 *fill*         0x2000250a        0x2 
 .bss.vScaleEM01Config
                0x2000250c        0x1 ./emlib/em_emu.o
 *fill*         0x2000250d        0x3 
 .bss.OSCfg_ISRStkBasePtr
                0x20002510        0x4 ./kernel/source/os_cfg_app.o
                0x20002510                OSCfg_ISRStkBasePtr
 .bss.OSCfg_ISRStkSize
                0x20002514        0x4 ./kernel/source/os_cfg_app.o
                0x20002514                OSCfg_ISRStkSize
 .bss.OSCfg_ISRStkSizeRAM
                0x20002518        0x4 ./kernel/source/os_cfg_app.o
                0x20002518                OSCfg_ISRStkSizeRAM
 .bss.OSCfg_MsgPoolBasePtr
                0x2000251c        0x4 ./kernel/source/os_cfg_app.o
                0x2000251c                OSCfg_MsgPoolBasePtr
 .bss.OSCfg_MsgPoolSize
                0x20002520        0x2 ./kernel/source/os_cfg_app.o
                0x20002520                OSCfg_MsgPoolSize
 *fill*         0x20002522        0x2 
 .bss.OSCfg_MsgPoolSizeRAM
                0x20002524        0x4 ./kernel/source/os_cfg_app.o
                0x20002524                OSCfg_MsgPoolSizeRAM
 .bss.OSCfg_StatTaskPrio
                0x20002528        0x1 ./kernel/source/os_cfg_app.o
                0x20002528                OSCfg_StatTaskPrio
 *fill*         0x20002529        0x3 
 .bss.OSCfg_StatTaskRate_Hz
                0x2000252c        0x4 ./kernel/source/os_cfg_app.o
                0x2000252c                OSCfg_StatTaskRate_Hz
 .bss.OSCfg_StatTaskStkBasePtr
                0x20002530        0x4 ./kernel/source/os_cfg_app.o
                0x20002530                OSCfg_StatTaskStkBasePtr
 .bss.OSCfg_StatTaskStkLimit
                0x20002534        0x4 ./kernel/source/os_cfg_app.o
                0x20002534                OSCfg_StatTaskStkLimit
 .bss.OSCfg_StatTaskStkSize
                0x20002538        0x4 ./kernel/source/os_cfg_app.o
                0x20002538                OSCfg_StatTaskStkSize
 .bss.OSCfg_StatTaskStkSizeRAM
                0x2000253c        0x4 ./kernel/source/os_cfg_app.o
                0x2000253c                OSCfg_StatTaskStkSizeRAM
 .bss.OSCfg_TmrTaskPrio
                0x20002540        0x1 ./kernel/source/os_cfg_app.o
                0x20002540                OSCfg_TmrTaskPrio
 *fill*         0x20002541        0x3 
 .bss.OSCfg_TmrTaskRate_Hz
                0x20002544        0x4 ./kernel/source/os_cfg_app.o
                0x20002544                OSCfg_TmrTaskRate_Hz
 .bss.OSCfg_TmrTaskStkBasePtr
                0x20002548        0x4 ./kernel/source/os_cfg_app.o
                0x20002548                OSCfg_TmrTaskStkBasePtr
 .bss.OSCfg_TmrTaskStkLimit
                0x2000254c        0x4 ./kernel/source/os_cfg_app.o
                0x2000254c                OSCfg_TmrTaskStkLimit
 .bss.OSCfg_TmrTaskStkSize
                0x20002550        0x4 ./kernel/source/os_cfg_app.o
                0x20002550                OSCfg_TmrTaskStkSize
 .bss.OSCfg_TmrTaskStkSizeRAM
                0x20002554        0x4 ./kernel/source/os_cfg_app.o
                0x20002554                OSCfg_TmrTaskStkSizeRAM
 .bss.OSCfg_TickRate_Hz
                0x20002558        0x4 ./kernel/source/os_cfg_app.o
                0x20002558                OSCfg_TickRate_Hz
 .bss.OSCfg_DataSizeRAM
                0x2000255c        0x4 ./kernel/source/os_cfg_app.o
                0x2000255c                OSCfg_DataSizeRAM
 .bss.OSRoundRobinTimer
                0x20002560       0x18 ./kernel/source/os_core.o
 .bss.OSRoundRobinCurTCB
                0x20002578        0x4 ./kernel/source/os_core.o
 .bss.OSDbg_AppHooksEn
                0x2000257c        0x1 ./kernel/source/os_dbg.o
                0x2000257c                OSDbg_AppHooksEn
 *fill*         0x2000257d        0x3 
 .bss.OSDbg_FlagGrp
                0x20002580       0x2c ./kernel/source/os_dbg.o
                0x20002580                OSDbg_FlagGrp
 .bss.OSDbg_FlagModeClrEn
                0x200025ac        0x1 ./kernel/source/os_dbg.o
                0x200025ac                OSDbg_FlagModeClrEn
 *fill*         0x200025ad        0x3 
 .bss.OSDbg_Mutex
                0x200025b0       0x34 ./kernel/source/os_dbg.o
                0x200025b0                OSDbg_Mutex
 .bss.OSDbg_Q   0x200025e4       0x30 ./kernel/source/os_dbg.o
                0x200025e4                OSDbg_Q
 .bss.OSDbg_Sem
                0x20002614       0x2c ./kernel/source/os_dbg.o
                0x20002614                OSDbg_Sem
 .bss.OSDbg_Tmr
                0x20002640       0x30 ./kernel/source/os_dbg.o
                0x20002640                OSDbg_Tmr
 .bss.OSIdleCPUUsage
                0x20002670        0x2 ./kernel/source/os_stat.o
                0x20002670                OSIdleCPUUsage
 *fill*         0x20002672        0x2 
 .bss.OSIdleTotalTick
                0x20002674        0x4 ./kernel/source/os_stat.o
 .bss.OSStatStartTick
                0x20002678        0x4 ./kernel/source/os_stat.o
 .bss.OSIdleStartTick
                0x2000267c        0x4 ./kernel/source/os_stat.o
 .bss.overflow_counter
                0x20002680        0x1 ./service/sl_sleeptimer.o
 *fill*         0x20002681        0x3 
 .bss.timer_head
                0x20002684        0x4 ./service/sl_sleeptimer.o
 .bss.last_delta_update_count
                0x20002688        0x4 ./service/sl_sleeptimer.o
 .bss.is_sleeptimer_initialized
                0x2000268c        0x1 ./service/sl_sleeptimer.o
 *fill*         0x2000268d        0x3 
 .bss.max_millisecond_conversion
                0x20002690        0x4 ./service/sl_sleeptimer.o
 .bss.Ex_MainStartTaskStk
                0x20002694      0x800 ./src/ex_main.o
 .bss.Ex_MainStartTaskTCB
                0x20002e94       0xf4 ./src/ex_main.o
 *(COMMON)
 COMMON         0x20002f88       0x78 ./SystemView/SEGGER_RTT.o
                0x20002f88                _SEGGER_RTT
 COMMON         0x20003000       0x18 ./SystemView/SEGGER_SYSVIEW_Config_MicriumOSKernel.o
                0x20003000                local_err
 COMMON         0x20003018     0x2004 ./common/source/lib/lib_mem.o
                0x20003018                Mem_SegHeadPtr
                0x2000301c                Mem_Heap
 COMMON         0x2000501c        0x4 ./cpu/source/cpu_core.o
                0x2000501c                CPU_TS_TmrFreq_Hz
 COMMON         0x20005020       0x10 ./kernel/source/os_cfg_app.o
                0x20005020                OSCfg_StatTaskStk
                0x20005024                OSCfg_MsgPool
                0x20005028                OSCfg_TmrTaskStk
                0x2000502c                OSCfg_ISRStk
 COMMON         0x20005030        0x8 ./kernel/source/os_prio.o
                0x20005030                OSPrioTbl
 COMMON         0x20005038      0x59c ./kernel/source/os_var.o
                0x20005038                OSSchedLockNestingCtr
                0x2000503c                OSStatTaskTimeMax
                0x20005040                OSTaskRegNextAvailID
                0x20005041                OSRunning
                0x20005044                OSRdyList
                0x20005344                OSInitialized
                0x20005346                OSMonQty
                0x20005348                OSPrioHighRdy
                0x20005349                OSStatTaskRdy
                0x2000534c                OSSemDbgListPtr
                0x20005350                OSPrioCur
                0x20005354                OSTmrTickCtr
                0x20005358                OSTCBCurPtr
                0x2000535c                OSQQty
                0x2000535e                OSStatTaskCPUUsageMax
                0x20005360                OSTCBHighRdyPtr
                0x20005364                OSTaskDbgListPtr
                0x20005368                OSTmrTaskTimeMax
                0x2000536c                OSTaskCtxSwCtr
                0x20005370                OSStatTaskCPUUsage
                0x20005372                OSTaskQty
                0x20005374                OSTmrTaskTCB
                0x20005468                OSMsgPool
                0x20005474                OSQDbgListPtr
                0x20005478                OSSemQty
                0x2000547c                OSSchedRoundRobinDfltTimeQuanta
                0x20005480                OSMonDbgListPtr
                0x20005484                OSTmrMutex
                0x200054b8                OSTmrQty
                0x200054ba                OSFlagQty
                0x200054bc                OSFlagDbgListPtr
                0x200054c0                OSStatResetFlag
                0x200054c2                OSMutexQty
                0x200054c4                OSStatTaskTCB
                0x200055b8                OSTmrListPtr
                0x200055bc                OSTmrDbgListPtr
                0x200055c0                OSTmrListEntries
                0x200055c4                OSTmrUpdateCnt
                0x200055c8                OSSchedRoundRobinEn
                0x200055cc                OSMutexDbgListPtr
                0x200055d0                OSTmrUpdateCtr
 COMMON         0x200055d4        0x4 ./ports/source/gnu/armv7m_os_cpu_c.o
                0x200055d4                OS_CPU_ExceptStkBase
                0x200055d8                . = ALIGN (0x4)
                0x200055d8                __bss_end__ = .

.heap           0x200055d8      0xc00
                0x200055d8                __HeapBase = .
                0x200055d8                __end__ = .
                0x200055d8                end = __end__
                0x200055d8                _end = __end__
 *(.heap*)
 .heap          0x200055d8      0xc00 ./CMSIS/EFM32PG12B/startup_efm32pg12b.o
                0x200061d8                __HeapLimit = .

.stack_dummy    0x200055d8      0x400
 *(.stack*)
 .stack         0x200055d8      0x400 ./CMSIS/EFM32PG12B/startup_efm32pg12b.o
                0x20040000                __StackTop = (ORIGIN (RAM) + LENGTH (RAM))
                0x2003fc00                __StackLimit = (__StackTop - SIZEOF (.stack_dummy))
                0x20040000                PROVIDE (__stack, __StackTop)
                0x00000001                ASSERT ((__StackLimit >= __HeapLimit), region RAM overflowed with stack)
                0x00000001                ASSERT ((LENGTH (FLASH) >= (__etext + SIZEOF (.data))), FLASH memory overflowed !)
OUTPUT(SLSTK3402A_micriumos_blink.axf elf32-littlearm)

.ARM.attributes
                0x00000000       0x2e
 .ARM.attributes
                0x00000000       0x22 c:/siliconlabs/simplicitystudio/v4/developer/toolchains/gnu_arm/7.2_2017q4/bin/../lib/gcc/arm-none-eabi/7.2.1/thumb/v7e-m/fpv4-sp/softfp/crti.o
 .ARM.attributes
                0x00000022       0x32 c:/siliconlabs/simplicitystudio/v4/developer/toolchains/gnu_arm/7.2_2017q4/bin/../lib/gcc/arm-none-eabi/7.2.1/thumb/v7e-m/fpv4-sp/softfp/crtbegin.o
 .ARM.attributes
                0x00000054       0x20 c:/siliconlabs/simplicitystudio/v4/developer/toolchains/gnu_arm/7.2_2017q4/bin/../lib/gcc/arm-none-eabi/7.2.1/../../../../arm-none-eabi/lib/thumb/v7e-m/fpv4-sp/softfp/crt0.o
 .ARM.attributes
                0x00000074       0x37 ./BSP/bsp_stk_leds.o
 .ARM.attributes
                0x000000ab       0x37 ./BSP/siliconlabs/generic/source/bsp_cpu.o
 .ARM.attributes
                0x000000e2       0x37 ./BSP/siliconlabs/generic/source/bsp_os.o
 .ARM.attributes
                0x00000119       0x1f ./CMSIS/EFM32PG12B/startup_efm32pg12b.o
 .ARM.attributes
                0x00000138       0x37 ./CMSIS/EFM32PG12B/system_efm32pg12b.o
 .ARM.attributes
                0x0000016f       0x37 ./SystemView/SEGGER_RTT.o
 .ARM.attributes
                0x000001a6       0x25 ./SystemView/SEGGER_RTT_ASM_ARMv7M.o
 .ARM.attributes
                0x000001cb       0x37 ./SystemView/SEGGER_SYSVIEW.o
 .ARM.attributes
                0x00000202       0x37 ./SystemView/SEGGER_SYSVIEW_Config_MicriumOSKernel.o
 .ARM.attributes
                0x00000239       0x37 ./SystemView/SEGGER_SYSVIEW_MicriumOSKernel.o
 .ARM.attributes
                0x00000270       0x37 ./common/source/collections/slist.o
 .ARM.attributes
                0x000002a7       0x37 ./common/source/common/common.o
 .ARM.attributes
                0x000002de       0x37 ./common/source/kal/kal_kernel.o
 .ARM.attributes
                0x00000315       0x37 ./common/source/lib/lib_math.o
 .ARM.attributes
                0x0000034c       0x37 ./common/source/lib/lib_mem.o
 .ARM.attributes
                0x00000383       0x37 ./common/source/platform_mgr/platform_mgr.o
 .ARM.attributes
                0x000003ba       0x37 ./common/source/rtos/rtos_err_str.o
 .ARM.attributes
                0x000003f1       0x37 ./cpu/source/cpu_core.o
 .ARM.attributes
                0x00000428       0x37 ./emlib/em_assert.o
 .ARM.attributes
                0x0000045f       0x37 ./emlib/em_cmu.o
 .ARM.attributes
                0x00000496       0x37 ./emlib/em_core.o
 .ARM.attributes
                0x000004cd       0x37 ./emlib/em_emu.o
 .ARM.attributes
                0x00000504       0x37 ./emlib/em_gpio.o
 .ARM.attributes
                0x0000053b       0x37 ./emlib/em_rtcc.o
 .ARM.attributes
                0x00000572       0x37 ./kernel/source/os_cfg_app.o
 .ARM.attributes
                0x000005a9       0x37 ./kernel/source/os_core.o
 .ARM.attributes
                0x000005e0       0x37 ./kernel/source/os_dbg.o
 .ARM.attributes
                0x00000617       0x37 ./kernel/source/os_msg.o
 .ARM.attributes
                0x0000064e       0x37 ./kernel/source/os_mutex.o
 .ARM.attributes
                0x00000685       0x37 ./kernel/source/os_prio.o
 .ARM.attributes
                0x000006bc       0x37 ./kernel/source/os_stat.o
 .ARM.attributes
                0x000006f3       0x37 ./kernel/source/os_task.o
 .ARM.attributes
                0x0000072a       0x37 ./kernel/source/os_time.o
 .ARM.attributes
                0x00000761       0x37 ./kernel/source/os_tmr.o
 .ARM.attributes
                0x00000798       0x37 ./kernel/source/os_var.o
 .ARM.attributes
                0x000007cf       0x25 ./ports/source/gnu/armv7m_cpu_a.o
 .ARM.attributes
                0x000007f4       0x25 ./ports/source/gnu/armv7m_os_cpu_a.o
 .ARM.attributes
                0x00000819       0x37 ./ports/source/gnu/armv7m_os_cpu_c.o
 .ARM.attributes
                0x00000850       0x37 ./service/sl_sleeptimer.o
 .ARM.attributes
                0x00000887       0x37 ./service/sl_sleeptimer_hal_rtcc.o
 .ARM.attributes
                0x000008be       0x37 ./src/ex_main.o
 .ARM.attributes
                0x000008f5       0x22 c:/siliconlabs/simplicitystudio/v4/developer/toolchains/gnu_arm/7.2_2017q4/bin/../lib/gcc/arm-none-eabi/7.2.1/thumb/v7e-m/fpv4-sp/softfp\libgcc.a(_aeabi_uldivmod.o)
 .ARM.attributes
                0x00000917       0x32 c:/siliconlabs/simplicitystudio/v4/developer/toolchains/gnu_arm/7.2_2017q4/bin/../lib/gcc/arm-none-eabi/7.2.1/thumb/v7e-m/fpv4-sp/softfp\libgcc.a(_udivmoddi4.o)
 .ARM.attributes
                0x00000949       0x22 c:/siliconlabs/simplicitystudio/v4/developer/toolchains/gnu_arm/7.2_2017q4/bin/../lib/gcc/arm-none-eabi/7.2.1/thumb/v7e-m/fpv4-sp/softfp\libgcc.a(_dvmd_tls.o)
 .ARM.attributes
                0x0000096b       0x32 c:/siliconlabs/simplicitystudio/v4/developer/toolchains/gnu_arm/7.2_2017q4/bin/../lib/gcc/arm-none-eabi/7.2.1/../../../../arm-none-eabi/lib/thumb/v7e-m/fpv4-sp/softfp\libc_nano.a(lib_a-exit.o)
 .ARM.attributes
                0x0000099d       0x32 c:/siliconlabs/simplicitystudio/v4/developer/toolchains/gnu_arm/7.2_2017q4/bin/../lib/gcc/arm-none-eabi/7.2.1/../../../../arm-none-eabi/lib/thumb/v7e-m/fpv4-sp/softfp\libc_nano.a(lib_a-impure.o)
 .ARM.attributes
                0x000009cf       0x32 c:/siliconlabs/simplicitystudio/v4/developer/toolchains/gnu_arm/7.2_2017q4/bin/../lib/gcc/arm-none-eabi/7.2.1/../../../../arm-none-eabi/lib/thumb/v7e-m/fpv4-sp/softfp\libc_nano.a(lib_a-init.o)
 .ARM.attributes
                0x00000a01       0x32 c:/siliconlabs/simplicitystudio/v4/developer/toolchains/gnu_arm/7.2_2017q4/bin/../lib/gcc/arm-none-eabi/7.2.1/../../../../arm-none-eabi/lib/thumb/v7e-m/fpv4-sp/softfp\libc_nano.a(lib_a-memcpy-stub.o)
 .ARM.attributes
                0x00000a33       0x32 c:/siliconlabs/simplicitystudio/v4/developer/toolchains/gnu_arm/7.2_2017q4/bin/../lib/gcc/arm-none-eabi/7.2.1/../../../../arm-none-eabi/lib/thumb/v7e-m/fpv4-sp/softfp\libc_nano.a(lib_a-memset.o)
 .ARM.attributes
                0x00000a65       0x32 c:/siliconlabs/simplicitystudio/v4/developer/toolchains/gnu_arm/7.2_2017q4/bin/../lib/gcc/arm-none-eabi/7.2.1/../../../../arm-none-eabi/lib/thumb/v7e-m/fpv4-sp/softfp\libc_nano.a(lib_a-strcpy.o)
 .ARM.attributes
                0x00000a97       0x32 c:/siliconlabs/simplicitystudio/v4/developer/toolchains/gnu_arm/7.2_2017q4/bin/../lib/gcc/arm-none-eabi/7.2.1/../../../../arm-none-eabi/lib/thumb/v7e-m/fpv4-sp/softfp\libnosys.a(_exit.o)
 .ARM.attributes
                0x00000ac9       0x32 c:/siliconlabs/simplicitystudio/v4/developer/toolchains/gnu_arm/7.2_2017q4/bin/../lib/gcc/arm-none-eabi/7.2.1/thumb/v7e-m/fpv4-sp/softfp/crtend.o
 .ARM.attributes
                0x00000afb       0x22 c:/siliconlabs/simplicitystudio/v4/developer/toolchains/gnu_arm/7.2_2017q4/bin/../lib/gcc/arm-none-eabi/7.2.1/thumb/v7e-m/fpv4-sp/softfp/crtn.o

.comment        0x00000000       0x7e
 .comment       0x00000000       0x7e ./BSP/bsp_stk_leds.o
                                 0x7f (size before relaxing)
 .comment       0x0000007e       0x7f ./BSP/siliconlabs/generic/source/bsp_cpu.o
 .comment       0x0000007e       0x7f ./BSP/siliconlabs/generic/source/bsp_os.o
 .comment       0x0000007e       0x7f ./CMSIS/EFM32PG12B/system_efm32pg12b.o
 .comment       0x0000007e       0x7f ./SystemView/SEGGER_RTT.o
 .comment       0x0000007e       0x7f ./SystemView/SEGGER_SYSVIEW.o
 .comment       0x0000007e       0x7f ./SystemView/SEGGER_SYSVIEW_Config_MicriumOSKernel.o
 .comment       0x0000007e       0x7f ./SystemView/SEGGER_SYSVIEW_MicriumOSKernel.o
 .comment       0x0000007e       0x7f ./common/source/collections/slist.o
 .comment       0x0000007e       0x7f ./common/source/common/common.o
 .comment       0x0000007e       0x7f ./common/source/kal/kal_kernel.o
 .comment       0x0000007e       0x7f ./common/source/lib/lib_math.o
 .comment       0x0000007e       0x7f ./common/source/lib/lib_mem.o
 .comment       0x0000007e       0x7f ./common/source/platform_mgr/platform_mgr.o
 .comment       0x0000007e       0x7f ./common/source/rtos/rtos_err_str.o
 .comment       0x0000007e       0x7f ./cpu/source/cpu_core.o
 .comment       0x0000007e       0x7f ./emlib/em_assert.o
 .comment       0x0000007e       0x7f ./emlib/em_cmu.o
 .comment       0x0000007e       0x7f ./emlib/em_core.o
 .comment       0x0000007e       0x7f ./emlib/em_emu.o
 .comment       0x0000007e       0x7f ./emlib/em_gpio.o
 .comment       0x0000007e       0x7f ./emlib/em_rtcc.o
 .comment       0x0000007e       0x7f ./kernel/source/os_cfg_app.o
 .comment       0x0000007e       0x7f ./kernel/source/os_core.o
 .comment       0x0000007e       0x7f ./kernel/source/os_dbg.o
 .comment       0x0000007e       0x7f ./kernel/source/os_msg.o
 .comment       0x0000007e       0x7f ./kernel/source/os_mutex.o
 .comment       0x0000007e       0x7f ./kernel/source/os_prio.o
 .comment       0x0000007e       0x7f ./kernel/source/os_stat.o
 .comment       0x0000007e       0x7f ./kernel/source/os_task.o
 .comment       0x0000007e       0x7f ./kernel/source/os_time.o
 .comment       0x0000007e       0x7f ./kernel/source/os_tmr.o
 .comment       0x0000007e       0x7f ./kernel/source/os_var.o
 .comment       0x0000007e       0x7f ./ports/source/gnu/armv7m_os_cpu_c.o
 .comment       0x0000007e       0x7f ./service/sl_sleeptimer.o
 .comment       0x0000007e       0x7f ./service/sl_sleeptimer_hal_rtcc.o
 .comment       0x0000007e       0x7f ./src/ex_main.o

.debug_info     0x00000000    0x38bcf
 .debug_info    0x00000000      0x996 ./BSP/bsp_stk_leds.o
 .debug_info    0x00000996      0x26c ./BSP/siliconlabs/generic/source/bsp_cpu.o
 .debug_info    0x00000c02     0x24fd ./BSP/siliconlabs/generic/source/bsp_os.o
 .debug_info    0x000030ff       0x26 ./CMSIS/EFM32PG12B/startup_efm32pg12b.o
 .debug_info    0x00003125      0x93f ./CMSIS/EFM32PG12B/system_efm32pg12b.o
 .debug_info    0x00003a64     0x18cf ./SystemView/SEGGER_RTT.o
 .debug_info    0x00005333       0x26 ./SystemView/SEGGER_RTT_ASM_ARMv7M.o
 .debug_info    0x00005359     0x3ec2 ./SystemView/SEGGER_SYSVIEW.o
 .debug_info    0x0000921b     0x1817 ./SystemView/SEGGER_SYSVIEW_Config_MicriumOSKernel.o
 .debug_info    0x0000aa32     0x2235 ./SystemView/SEGGER_SYSVIEW_MicriumOSKernel.o
 .debug_info    0x0000cc67     0x1736 ./common/source/collections/slist.o
 .debug_info    0x0000e39d     0x1a11 ./common/source/common/common.o
 .debug_info    0x0000fdae     0x30dd ./common/source/kal/kal_kernel.o
 .debug_info    0x00012e8b      0x294 ./common/source/lib/lib_math.o
 .debug_info    0x0001311f     0x2b5a ./common/source/lib/lib_mem.o
 .debug_info    0x00015c79     0x211c ./common/source/platform_mgr/platform_mgr.o
 .debug_info    0x00017d95      0x1ae ./common/source/rtos/rtos_err_str.o
 .debug_info    0x00017f43     0x1d04 ./cpu/source/cpu_core.o
 .debug_info    0x00019c47       0x7e ./emlib/em_assert.o
 .debug_info    0x00019cc5     0x2479 ./emlib/em_cmu.o
 .debug_info    0x0001c13e      0xdb3 ./emlib/em_core.o
 .debug_info    0x0001cef1     0x24df ./emlib/em_emu.o
 .debug_info    0x0001f3d0      0xad0 ./emlib/em_gpio.o
 .debug_info    0x0001fea0      0xbc4 ./emlib/em_rtcc.o
 .debug_info    0x00020a64     0x14cd ./kernel/source/os_cfg_app.o
 .debug_info    0x00021f31     0x2481 ./kernel/source/os_core.o
 .debug_info    0x000243b2     0x1744 ./kernel/source/os_dbg.o
 .debug_info    0x00025af6     0x1b57 ./kernel/source/os_msg.o
 .debug_info    0x0002764d     0x1e9c ./kernel/source/os_mutex.o
 .debug_info    0x000294e9     0x159c ./kernel/source/os_prio.o
 .debug_info    0x0002aa85     0x1b58 ./kernel/source/os_stat.o
 .debug_info    0x0002c5dd     0x255f ./kernel/source/os_task.o
 .debug_info    0x0002eb3c     0x1c34 ./kernel/source/os_time.o
 .debug_info    0x00030770     0x1ec0 ./kernel/source/os_tmr.o
 .debug_info    0x00032630     0x1433 ./kernel/source/os_var.o
 .debug_info    0x00033a63       0x26 ./ports/source/gnu/armv7m_cpu_a.o
 .debug_info    0x00033a89       0x26 ./ports/source/gnu/armv7m_os_cpu_a.o
 .debug_info    0x00033aaf     0x16db ./ports/source/gnu/armv7m_os_cpu_c.o
 .debug_info    0x0003518a     0x13e4 ./service/sl_sleeptimer.o
 .debug_info    0x0003656e      0xe1a ./service/sl_sleeptimer_hal_rtcc.o
 .debug_info    0x00037388     0x1847 ./src/ex_main.o

.debug_abbrev   0x00000000     0x4d2f
 .debug_abbrev  0x00000000      0x22a ./BSP/bsp_stk_leds.o
 .debug_abbrev  0x0000022a      0x119 ./BSP/siliconlabs/generic/source/bsp_cpu.o
 .debug_abbrev  0x00000343      0x204 ./BSP/siliconlabs/generic/source/bsp_os.o
 .debug_abbrev  0x00000547       0x14 ./CMSIS/EFM32PG12B/startup_efm32pg12b.o
 .debug_abbrev  0x0000055b      0x1ed ./CMSIS/EFM32PG12B/system_efm32pg12b.o
 .debug_abbrev  0x00000748      0x2a7 ./SystemView/SEGGER_RTT.o
 .debug_abbrev  0x000009ef       0x14 ./SystemView/SEGGER_RTT_ASM_ARMv7M.o
 .debug_abbrev  0x00000a03      0x305 ./SystemView/SEGGER_SYSVIEW.o
 .debug_abbrev  0x00000d08      0x198 ./SystemView/SEGGER_SYSVIEW_Config_MicriumOSKernel.o
 .debug_abbrev  0x00000ea0      0x281 ./SystemView/SEGGER_SYSVIEW_MicriumOSKernel.o
 .debug_abbrev  0x00001121      0x1b6 ./common/source/collections/slist.o
 .debug_abbrev  0x000012d7      0x1c7 ./common/source/common/common.o
 .debug_abbrev  0x0000149e      0x2c9 ./common/source/kal/kal_kernel.o
 .debug_abbrev  0x00001767      0x131 ./common/source/lib/lib_math.o
 .debug_abbrev  0x00001898      0x300 ./common/source/lib/lib_mem.o
 .debug_abbrev  0x00001b98      0x282 ./common/source/platform_mgr/platform_mgr.o
 .debug_abbrev  0x00001e1a       0xb2 ./common/source/rtos/rtos_err_str.o
 .debug_abbrev  0x00001ecc      0x25c ./cpu/source/cpu_core.o
 .debug_abbrev  0x00002128       0x68 ./emlib/em_assert.o
 .debug_abbrev  0x00002190      0x34b ./emlib/em_cmu.o
 .debug_abbrev  0x000024db      0x28f ./emlib/em_core.o
 .debug_abbrev  0x0000276a      0x359 ./emlib/em_emu.o
 .debug_abbrev  0x00002ac3      0x233 ./emlib/em_gpio.o
 .debug_abbrev  0x00002cf6      0x1f4 ./emlib/em_rtcc.o
 .debug_abbrev  0x00002eea      0x14c ./kernel/source/os_cfg_app.o
 .debug_abbrev  0x00003036      0x274 ./kernel/source/os_core.o
 .debug_abbrev  0x000032aa      0x15f ./kernel/source/os_dbg.o
 .debug_abbrev  0x00003409      0x1c2 ./kernel/source/os_msg.o
 .debug_abbrev  0x000035cb      0x26a ./kernel/source/os_mutex.o
 .debug_abbrev  0x00003835      0x19e ./kernel/source/os_prio.o
 .debug_abbrev  0x000039d3      0x1e9 ./kernel/source/os_stat.o
 .debug_abbrev  0x00003bbc      0x266 ./kernel/source/os_task.o
 .debug_abbrev  0x00003e22      0x21b ./kernel/source/os_time.o
 .debug_abbrev  0x0000403d      0x257 ./kernel/source/os_tmr.o
 .debug_abbrev  0x00004294      0x132 ./kernel/source/os_var.o
 .debug_abbrev  0x000043c6       0x14 ./ports/source/gnu/armv7m_cpu_a.o
 .debug_abbrev  0x000043da       0x14 ./ports/source/gnu/armv7m_os_cpu_a.o
 .debug_abbrev  0x000043ee      0x21d ./ports/source/gnu/armv7m_os_cpu_c.o
 .debug_abbrev  0x0000460b      0x2cf ./service/sl_sleeptimer.o
 .debug_abbrev  0x000048da      0x2aa ./service/sl_sleeptimer_hal_rtcc.o
 .debug_abbrev  0x00004b84      0x1ab ./src/ex_main.o

.debug_loc      0x00000000     0xb6e1
 .debug_loc     0x00000000      0x484 ./BSP/bsp_stk_leds.o
 .debug_loc     0x00000484       0xfc ./BSP/siliconlabs/generic/source/bsp_cpu.o
 .debug_loc     0x00000580      0x128 ./BSP/siliconlabs/generic/source/bsp_os.o
 .debug_loc     0x000006a8      0x2e4 ./CMSIS/EFM32PG12B/system_efm32pg12b.o
 .debug_loc     0x0000098c      0x96c ./SystemView/SEGGER_RTT.o
 .debug_loc     0x000012f8     0x184e ./SystemView/SEGGER_SYSVIEW.o